Component: ARM Compiler 5.06 update 7 (build 960) Tool: armlink [4d3601]

==============================================================================

Section Cross References

    system_gd32f3x0.o(i.SystemCoreClockUpdate) refers to system_gd32f3x0.o(.data) for SystemCoreClock
    system_gd32f3x0.o(i.SystemInit) refers to system_gd32f3x0.o(i.system_clock_config) for system_clock_config
    system_gd32f3x0.o(i.SystemInit) refers to gd32f3x0_misc.o(i.nvic_vector_table_set) for nvic_vector_table_set
    system_gd32f3x0.o(i.system_clock_config) refers to system_gd32f3x0.o(i.system_clock_108m_hxtal) for system_clock_108m_hxtal
    startup_gd32f3x0.o(RESET) refers to startup_gd32f3x0.o(STACK) for __initial_sp
    startup_gd32f3x0.o(RESET) refers to startup_gd32f3x0.o(.text) for Reset_Handler
    startup_gd32f3x0.o(RESET) refers to gd32f3x0_it.o(i.NMI_Handler) for NMI_Handler
    startup_gd32f3x0.o(RESET) refers to gd32f3x0_it.o(i.HardFault_Handler) for HardFault_Handler
    startup_gd32f3x0.o(RESET) refers to gd32f3x0_it.o(i.MemManage_Handler) for MemManage_Handler
    startup_gd32f3x0.o(RESET) refers to gd32f3x0_it.o(i.BusFault_Handler) for BusFault_Handler
    startup_gd32f3x0.o(RESET) refers to gd32f3x0_it.o(i.UsageFault_Handler) for UsageFault_Handler
    startup_gd32f3x0.o(RESET) refers to gd32f3x0_it.o(i.SVC_Handler) for SVC_Handler
    startup_gd32f3x0.o(RESET) refers to gd32f3x0_it.o(i.DebugMon_Handler) for DebugMon_Handler
    startup_gd32f3x0.o(RESET) refers to gd32f3x0_it.o(i.PendSV_Handler) for PendSV_Handler
    startup_gd32f3x0.o(RESET) refers to gd32f3x0_it.o(i.SysTick_Handler) for SysTick_Handler
    startup_gd32f3x0.o(RESET) refers to exti-key.o(i.EXTI0_1_IRQHandler) for EXTI0_1_IRQHandler
    startup_gd32f3x0.o(RESET) refers to timer-led.o(i.TIMER5_DAC_IRQHandler) for TIMER5_DAC_IRQHandler
    startup_gd32f3x0.o(.text) refers to system_gd32f3x0.o(i.SystemInit) for SystemInit
    startup_gd32f3x0.o(.text) refers to entry.o(.ARM.Collect$$$$00000000) for __main
    led.o(i.UINIO_LED_GPIO_Config) refers to gd32f3x0_rcu.o(i.rcu_periph_clock_enable) for rcu_periph_clock_enable
    led.o(i.UINIO_LED_GPIO_Config) refers to gd32f3x0_gpio.o(i.gpio_mode_set) for gpio_mode_set
    led.o(i.UINIO_LED_GPIO_Config) refers to gd32f3x0_gpio.o(i.gpio_output_options_set) for gpio_output_options_set
    systick.o(i.UINIO_SysTick_Delay_ms) refers to systick.o(i.SysTick_Config) for SysTick_Config
    systick.o(i.UINIO_SysTick_Delay_ms) refers to system_gd32f3x0.o(.data) for SystemCoreClock
    systick.o(i.UINIO_SysTick_Delay_us) refers to systick.o(i.SysTick_Config) for SysTick_Config
    systick.o(i.UINIO_SysTick_Delay_us) refers to system_gd32f3x0.o(.data) for SystemCoreClock
    key.o(i.UINIO_Key_GPIO_Config) refers to gd32f3x0_rcu.o(i.rcu_periph_clock_enable) for rcu_periph_clock_enable
    key.o(i.UINIO_Key_GPIO_Config) refers to gd32f3x0_gpio.o(i.gpio_mode_set) for gpio_mode_set
    key.o(i.UINIO_Key_Scan) refers to gd32f3x0_gpio.o(i.gpio_input_bit_get) for gpio_input_bit_get
    key.o(i.UINIO_Key_Scan) refers to systick_1.o(i.delay_1ms) for delay_1ms
    key.o(i.UINIO_Key_Scan) refers to gd32f3x0_gpio.o(i.gpio_bit_toggle) for gpio_bit_toggle
    usart.o(i.UINIO_USART_GPIO_Config) refers to gd32f3x0_rcu.o(i.rcu_periph_clock_enable) for rcu_periph_clock_enable
    usart.o(i.UINIO_USART_GPIO_Config) refers to gd32f3x0_gpio.o(i.gpio_af_set) for gpio_af_set
    usart.o(i.UINIO_USART_GPIO_Config) refers to gd32f3x0_gpio.o(i.gpio_mode_set) for gpio_mode_set
    usart.o(i.UINIO_USART_GPIO_Config) refers to gd32f3x0_gpio.o(i.gpio_output_options_set) for gpio_output_options_set
    usart.o(i.UINIO_USART_GPIO_Config) refers to gd32f3x0_usart.o(i.usart_deinit) for usart_deinit
    usart.o(i.UINIO_USART_GPIO_Config) refers to gd32f3x0_usart.o(i.usart_baudrate_set) for usart_baudrate_set
    usart.o(i.UINIO_USART_GPIO_Config) refers to gd32f3x0_usart.o(i.usart_parity_config) for usart_parity_config
    usart.o(i.UINIO_USART_GPIO_Config) refers to gd32f3x0_usart.o(i.usart_word_length_set) for usart_word_length_set
    usart.o(i.UINIO_USART_GPIO_Config) refers to gd32f3x0_usart.o(i.usart_stop_bit_set) for usart_stop_bit_set
    usart.o(i.UINIO_USART_GPIO_Config) refers to gd32f3x0_usart.o(i.usart_receive_config) for usart_receive_config
    usart.o(i.UINIO_USART_GPIO_Config) refers to gd32f3x0_usart.o(i.usart_transmit_config) for usart_transmit_config
    usart.o(i.UINIO_USART_GPIO_Config) refers to gd32f3x0_usart.o(i.usart_enable) for usart_enable
    usart.o(i.UINIO_USART_Send_Data) refers to gd32f3x0_usart.o(i.usart_data_transmit) for usart_data_transmit
    usart.o(i.UINIO_USART_Send_Data) refers to gd32f3x0_usart.o(i.usart_flag_get) for usart_flag_get
    usart.o(i.UINIO_USART_Send_String) refers to usart.o(i.UINIO_USART_Send_Data) for UINIO_USART_Send_Data
    usart.o(i.fputc) refers to usart.o(i.UINIO_USART_Send_Data) for UINIO_USART_Send_Data
[...]
    Removing gd32f3x0_dac.o(i.dac_output_buffer_disable), (20 bytes).
    Removing gd32f3x0_dac.o(i.dac_output_buffer_enable), (20 bytes).
    Removing gd32f3x0_dac.o(i.dac_output_value_get), (16 bytes).
    Removing gd32f3x0_dac.o(i.dac_software_trigger_disable), (20 bytes).
    Removing gd32f3x0_dac.o(i.dac_software_trigger_enable), (20 bytes).
    Removing gd32f3x0_dac.o(i.dac_triangle_noise_config), (28 bytes).
    Removing gd32f3x0_dac.o(i.dac_trigger_disable), (20 bytes).
    Removing gd32f3x0_dac.o(i.dac_trigger_enable), (20 bytes).
    Removing gd32f3x0_dac.o(i.dac_trigger_source_config), (28 bytes).
    Removing gd32f3x0_dac.o(i.dac_wave_bit_width_config), (28 bytes).
    Removing gd32f3x0_dac.o(i.dac_wave_mode_config), (28 bytes).
    Removing gd32f3x0_dbg.o(.rev16_text), (4 bytes).
    Removing gd32f3x0_dbg.o(.revsh_text), (4 bytes).
    Removing gd32f3x0_dbg.o(i.dbg_deinit), (16 bytes).
    Removing gd32f3x0_dbg.o(i.dbg_id_get), (12 bytes).
    Removing gd32f3x0_dbg.o(i.dbg_low_power_disable), (16 bytes).
    Removing gd32f3x0_dbg.o(i.dbg_low_power_enable), (16 bytes).
    Removing gd32f3x0_dbg.o(i.dbg_periph_disable), (32 bytes).
    Removing gd32f3x0_dbg.o(i.dbg_periph_enable), (32 bytes).
    Removing gd32f3x0_dma.o(.rev16_text), (4 bytes).
    Removing gd32f3x0_dma.o(.revsh_text), (4 bytes).
    Removing gd32f3x0_dma.o(i.dma_channel_disable), (36 bytes).
    Removing gd32f3x0_dma.o(i.dma_channel_enable), (36 bytes).
    Removing gd32f3x0_dma.o(i.dma_circulation_disable), (36 bytes).
    Removing gd32f3x0_dma.o(i.dma_circulation_enable), (36 bytes).
    Removing gd32f3x0_dma.o(i.dma_deinit), (92 bytes).
    Removing gd32f3x0_dma.o(i.dma_flag_clear), (24 bytes).
    Removing gd32f3x0_dma.o(i.dma_flag_get), (32 bytes).
    Removing gd32f3x0_dma.o(i.dma_init), (284 bytes).
    Removing gd32f3x0_dma.o(i.dma_interrupt_disable), (36 bytes).
    Removing gd32f3x0_dma.o(i.dma_interrupt_enable), (36 bytes).
    Removing gd32f3x0_dma.o(i.dma_interrupt_flag_clear), (24 bytes).
    Removing gd32f3x0_dma.o(i.dma_interrupt_flag_get), (140 bytes).
    Removing gd32f3x0_dma.o(i.dma_memory_address_config), (20 bytes).
    Removing gd32f3x0_dma.o(i.dma_memory_increase_disable), (36 bytes).
    Removing gd32f3x0_dma.o(i.dma_memory_increase_enable), (36 bytes).
    Removing gd32f3x0_dma.o(i.dma_memory_to_memory_disable), (36 bytes).
    Removing gd32f3x0_dma.o(i.dma_memory_to_memory_enable), (36 bytes).
    Removing gd32f3x0_dma.o(i.dma_memory_width_config), (40 bytes).
    Removing gd32f3x0_dma.o(i.dma_periph_address_config), (20 bytes).
    Removing gd32f3x0_dma.o(i.dma_periph_increase_disable), (36 bytes).
    Removing gd32f3x0_dma.o(i.dma_periph_increase_enable), (36 bytes).
    Removing gd32f3x0_dma.o(i.dma_periph_width_config), (40 bytes).
    Removing gd32f3x0_dma.o(i.dma_priority_config), (40 bytes).
    Removing gd32f3x0_dma.o(i.dma_struct_para_init), (22 bytes).
    Removing gd32f3x0_dma.o(i.dma_transfer_direction_config), (68 bytes).
    Removing gd32f3x0_dma.o(i.dma_transfer_number_config), (24 bytes).
    Removing gd32f3x0_dma.o(i.dma_transfer_number_get), (20 bytes).
    Removing gd32f3x0_exti.o(.rev16_text), (4 bytes).
    Removing gd32f3x0_exti.o(.revsh_text), (4 bytes).
    Removing gd32f3x0_exti.o(i.exti_deinit), (36 bytes).
    Removing gd32f3x0_exti.o(i.exti_event_disable), (16 bytes).
    Removing gd32f3x0_exti.o(i.exti_event_enable), (16 bytes).
    Removing gd32f3x0_exti.o(i.exti_flag_clear), (12 bytes).
    Removing gd32f3x0_exti.o(i.exti_flag_get), (24 bytes).
    Removing gd32f3x0_exti.o(i.exti_init), (188 bytes).
    Removing gd32f3x0_exti.o(i.exti_interrupt_disable), (16 bytes).
    Removing gd32f3x0_exti.o(i.exti_interrupt_enable), (16 bytes).
    Removing gd32f3x0_exti.o(i.exti_software_interrupt_disable), (16 bytes).
    Removing gd32f3x0_exti.o(i.exti_software_interrupt_enable), (16 bytes).
    Removing gd32f3x0_fmc.o(.rev16_text), (4 bytes).
    Removing gd32f3x0_fmc.o(.revsh_text), (4 bytes).
    Removing gd32f3x0_fmc.o(i.fmc_flag_clear), (12 bytes).
    Removing gd32f3x0_fmc.o(i.fmc_flag_get), (20 bytes).
    Removing gd32f3x0_fmc.o(i.fmc_halfword_program), (64 bytes).
    Removing gd32f3x0_fmc.o(i.fmc_interrupt_disable), (16 bytes).
    Removing gd32f3x0_fmc.o(i.fmc_interrupt_enable), (16 bytes).
    Removing gd32f3x0_fmc.o(i.fmc_interrupt_flag_clear), (12 bytes).
    Removing gd32f3x0_fmc.o(i.fmc_interrupt_flag_get), (20 bytes).
    Removing gd32f3x0_fmc.o(i.fmc_lock), (20 bytes).
    Removing gd32f3x0_fmc.o(i.fmc_mass_erase), (68 bytes).
    Removing gd32f3x0_fmc.o(i.fmc_page_erase), (72 bytes).
    Removing gd32f3x0_fmc.o(i.fmc_ready_wait), (34 bytes).
    Removing gd32f3x0_fmc.o(i.fmc_state_get), (48 bytes).
    Removing gd32f3x0_fmc.o(i.fmc_unlock), (36 bytes).
    Removing gd32f3x0_fmc.o(i.fmc_wait_state_disable), (32 bytes).
    Removing gd32f3x0_fmc.o(i.fmc_wait_state_enable), (32 bytes).
    Removing gd32f3x0_fmc.o(i.fmc_word_program), (64 bytes).
    Removing gd32f3x0_fmc.o(i.fmc_word_reprogram), (96 bytes).
    Removing gd32f3x0_fmc.o(i.fmc_wscnt_set), (24 bytes).
    Removing gd32f3x0_fmc.o(i.ob_data_get), (12 bytes).
    Removing gd32f3x0_fmc.o(i.ob_data_program), (200 bytes).
    Removing gd32f3x0_fmc.o(i.ob_erase), (164 bytes).
    Removing gd32f3x0_fmc.o(i.ob_lock), (20 bytes).
    Removing gd32f3x0_fmc.o(i.ob_obstat_plevel_get), (16 bytes).
    Removing gd32f3x0_fmc.o(i.ob_parm_get), (52 bytes).
    Removing gd32f3x0_fmc.o(i.ob_reset), (20 bytes).
    Removing gd32f3x0_fmc.o(i.ob_security_protection_config), (156 bytes).
    Removing gd32f3x0_fmc.o(i.ob_unlock), (36 bytes).
    Removing gd32f3x0_fmc.o(i.ob_user_get), (16 bytes).
    Removing gd32f3x0_fmc.o(i.ob_user_write), (144 bytes).
    Removing gd32f3x0_fmc.o(i.ob_value_modify), (172 bytes).
    Removing gd32f3x0_fmc.o(i.ob_write_protection_enable), (248 bytes).
    Removing gd32f3x0_fmc.o(i.ob_write_protection_get), (12 bytes).
    Removing gd32f3x0_fwdgt.o(.rev16_text), (4 bytes).
    Removing gd32f3x0_fwdgt.o(.revsh_text), (4 bytes).
    Removing gd32f3x0_fwdgt.o(i.fwdgt_config), (104 bytes).
    Removing gd32f3x0_fwdgt.o(i.fwdgt_counter_reload), (16 bytes).
    Removing gd32f3x0_fwdgt.o(i.fwdgt_enable), (16 bytes).
    Removing gd32f3x0_fwdgt.o(i.fwdgt_flag_get), (24 bytes).
    Removing gd32f3x0_fwdgt.o(i.fwdgt_prescaler_value_config), (60 bytes).
    Removing gd32f3x0_fwdgt.o(i.fwdgt_reload_value_config), (64 bytes).
    Removing gd32f3x0_fwdgt.o(i.fwdgt_window_value_config), (64 bytes).
    Removing gd32f3x0_fwdgt.o(i.fwdgt_write_disable), (12 bytes).
    Removing gd32f3x0_fwdgt.o(i.fwdgt_write_enable), (16 bytes).
    Removing gd32f3x0_gpio.o(.rev16_text), (4 bytes).
    Removing gd32f3x0_gpio.o(.revsh_text), (4 bytes).
    Removing gd32f3x0_gpio.o(i.gpio_bit_reset), (4 bytes).
    Removing gd32f3x0_gpio.o(i.gpio_bit_set), (4 bytes).
    Removing gd32f3x0_gpio.o(i.gpio_bit_write), (10 bytes).
    Removing gd32f3x0_gpio.o(i.gpio_deinit), (148 bytes).
    Removing gd32f3x0_gpio.o(i.gpio_input_port_get), (8 bytes).
    Removing gd32f3x0_gpio.o(i.gpio_output_bit_get), (16 bytes).
    Removing gd32f3x0_gpio.o(i.gpio_output_port_get), (8 bytes).
    Removing gd32f3x0_gpio.o(i.gpio_pin_lock), (18 bytes).
    Removing gd32f3x0_gpio.o(i.gpio_port_toggle), (8 bytes).
    Removing gd32f3x0_gpio.o(i.gpio_port_write), (4 bytes).
    Removing gd32f3x0_i2c.o(.rev16_text), (4 bytes).
    Removing gd32f3x0_i2c.o(.revsh_text), (4 bytes).
    Removing gd32f3x0_i2c.o(i.i2c_ack_config), (16 bytes).
    Removing gd32f3x0_i2c.o(i.i2c_ackpos_config), (16 bytes).
    Removing gd32f3x0_i2c.o(i.i2c_clock_config), (312 bytes).
    Removing gd32f3x0_i2c.o(i.i2c_data_receive), (8 bytes).
    Removing gd32f3x0_i2c.o(i.i2c_data_transmit), (6 bytes).
    Removing gd32f3x0_i2c.o(i.i2c_deinit), (64 bytes).
    Removing gd32f3x0_i2c.o(i.i2c_disable), (10 bytes).
    Removing gd32f3x0_i2c.o(i.i2c_dma_config), (16 bytes).
    Removing gd32f3x0_i2c.o(i.i2c_dma_last_transfer_config), (16 bytes).
    Removing gd32f3x0_i2c.o(i.i2c_dualaddr_disable), (10 bytes).
    Removing gd32f3x0_i2c.o(i.i2c_dualaddr_enable), (12 bytes).
    Removing gd32f3x0_i2c.o(i.i2c_enable), (10 bytes).
    Removing gd32f3x0_i2c.o(i.i2c_flag_clear), (40 bytes).
    Removing gd32f3x0_i2c.o(i.i2c_flag_get), (30 bytes).
    Removing gd32f3x0_i2c.o(i.i2c_interrupt_disable), (26 bytes).
    Removing gd32f3x0_i2c.o(i.i2c_interrupt_enable), (26 bytes).
    Removing gd32f3x0_i2c.o(i.i2c_interrupt_flag_clear), (44 bytes).
    Removing gd32f3x0_i2c.o(i.i2c_interrupt_flag_get), (92 bytes).
    Removing gd32f3x0_i2c.o(i.i2c_master_addressing), (20 bytes).
    Removing gd32f3x0_i2c.o(i.i2c_mode_addr_config), (28 bytes).
    Removing gd32f3x0_i2c.o(i.i2c_pec_config), (16 bytes).
    Removing gd32f3x0_i2c.o(i.i2c_pec_transfer_config), (16 bytes).
    Removing gd32f3x0_i2c.o(i.i2c_pec_value_get), (10 bytes).
    Removing gd32f3x0_i2c.o(i.i2c_slave_response_to_gcall_config), (16 bytes).
    Removing gd32f3x0_i2c.o(i.i2c_smbus_alert_config), (16 bytes).
    Removing gd32f3x0_i2c.o(i.i2c_smbus_arp_config), (16 bytes).
    Removing gd32f3x0_i2c.o(i.i2c_smbus_type_config), (24 bytes).
    Removing gd32f3x0_i2c.o(i.i2c_software_reset_config), (16 bytes).
    Removing gd32f3x0_i2c.o(i.i2c_start_on_bus), (10 bytes).
    Removing gd32f3x0_i2c.o(i.i2c_stop_on_bus), (10 bytes).
    Removing gd32f3x0_i2c.o(i.i2c_stretch_scl_low_config), (16 bytes).
    Removing gd32f3x0_misc.o(.rev16_text), (4 bytes).
    Removing gd32f3x0_misc.o(.revsh_text), (4 bytes).
    Removing gd32f3x0_misc.o(i.nvic_irq_disable), (24 bytes).
    Removing gd32f3x0_misc.o(i.nvic_irq_enable), (172 bytes).
    Removing gd32f3x0_misc.o(i.nvic_priority_group_set), (20 bytes).
    Removing gd32f3x0_misc.o(i.system_lowpower_reset), (16 bytes).
    Removing gd32f3x0_misc.o(i.system_lowpower_set), (16 bytes).
    Removing gd32f3x0_misc.o(i.systick_clksource_set), (40 bytes).
    Removing gd32f3x0_pmu.o(.rev16_text), (4 bytes).
    Removing gd32f3x0_pmu.o(.revsh_text), (4 bytes).
    Removing gd32f3x0_pmu.o(i.pmu_backup_write_disable), (20 bytes).
    Removing gd32f3x0_pmu.o(i.pmu_backup_write_enable), (20 bytes).
    Removing gd32f3x0_pmu.o(i.pmu_deinit), (20 bytes).
    Removing gd32f3x0_pmu.o(i.pmu_flag_clear), (44 bytes).
    Removing gd32f3x0_pmu.o(i.pmu_flag_get), (20 bytes).
    Removing gd32f3x0_pmu.o(i.pmu_highdriver_mode_disable), (20 bytes).
    Removing gd32f3x0_pmu.o(i.pmu_highdriver_mode_enable), (20 bytes).
    Removing gd32f3x0_pmu.o(i.pmu_highdriver_switch_select), (44 bytes).
    Removing gd32f3x0_pmu.o(i.pmu_ldo_output_select), (28 bytes).
    Removing gd32f3x0_pmu.o(i.pmu_lowdriver_mode_disable), (24 bytes).
    Removing gd32f3x0_pmu.o(i.pmu_lowdriver_mode_enable), (28 bytes).
    Removing gd32f3x0_pmu.o(i.pmu_lowpower_driver_config), (28 bytes).
    Removing gd32f3x0_pmu.o(i.pmu_lvd_disable), (20 bytes).
    Removing gd32f3x0_pmu.o(i.pmu_lvd_select), (48 bytes).
    Removing gd32f3x0_pmu.o(i.pmu_normalpower_driver_config), (28 bytes).
    Removing gd32f3x0_pmu.o(i.pmu_to_deepsleepmode), (244 bytes).
    Removing gd32f3x0_pmu.o(i.pmu_to_sleepmode), (28 bytes).
    Removing gd32f3x0_pmu.o(i.pmu_to_standbymode), (96 bytes).
    Removing gd32f3x0_pmu.o(i.pmu_wakeup_pin_disable), (16 bytes).
    Removing gd32f3x0_pmu.o(i.pmu_wakeup_pin_enable), (16 bytes).
    Removing gd32f3x0_pmu.o(.bss), (16 bytes).
    Removing gd32f3x0_rcu.o(.rev16_text), (4 bytes).
    Removing gd32f3x0_rcu.o(.revsh_text), (4 bytes).
    Removing gd32f3x0_rcu.o(i.rcu_ahb_clock_config), (28 bytes).
    Removing gd32f3x0_rcu.o(i.rcu_all_reset_flag_clear), (20 bytes).
    Removing gd32f3x0_rcu.o(i.rcu_apb1_clock_config), (28 bytes).
    Removing gd32f3x0_rcu.o(i.rcu_apb2_clock_config), (28 bytes).
    Removing gd32f3x0_rcu.o(i.rcu_bkp_reset_disable), (20 bytes).
    Removing gd32f3x0_rcu.o(i.rcu_bkp_reset_enable), (20 bytes).
    Removing gd32f3x0_rcu.o(i.rcu_cec_clock_config), (28 bytes).
    Removing gd32f3x0_rcu.o(i.rcu_ck48m_clock_config), (28 bytes).
    Removing gd32f3x0_rcu.o(i.rcu_ckout_config), (28 bytes).
    Removing gd32f3x0_rcu.o(i.rcu_deepsleep_voltage_set), (36 bytes).
    Removing gd32f3x0_rcu.o(i.rcu_deinit), (204 bytes).
    Removing gd32f3x0_rcu.o(i.rcu_flag_get), (36 bytes).
    Removing gd32f3x0_rcu.o(i.rcu_hxtal_clock_monitor_disable), (20 bytes).
    Removing gd32f3x0_rcu.o(i.rcu_hxtal_clock_monitor_enable), (20 bytes).
    Removing gd32f3x0_rcu.o(i.rcu_hxtal_prediv_config), (24 bytes).
    Removing gd32f3x0_rcu.o(i.rcu_interrupt_disable), (32 bytes).
    Removing gd32f3x0_rcu.o(i.rcu_interrupt_enable), (32 bytes).
    Removing gd32f3x0_rcu.o(i.rcu_interrupt_flag_clear), (32 bytes).
    Removing gd32f3x0_rcu.o(i.rcu_interrupt_flag_get), (36 bytes).
    Removing gd32f3x0_rcu.o(i.rcu_irc28m_adjust_value_set), (24 bytes).
    Removing gd32f3x0_rcu.o(i.rcu_irc8m_adjust_value_set), (24 bytes).
    Removing gd32f3x0_rcu.o(i.rcu_lxtal_drive_capability_config), (28 bytes).
    Removing gd32f3x0_rcu.o(i.rcu_osci_bypass_mode_disable), (108 bytes).
    Removing gd32f3x0_rcu.o(i.rcu_osci_bypass_mode_enable), (108 bytes).
    Removing gd32f3x0_rcu.o(i.rcu_osci_off), (32 bytes).
    Removing gd32f3x0_rcu.o(i.rcu_osci_on), (32 bytes).
    Removing gd32f3x0_rcu.o(i.rcu_osci_stab_wait), (312 bytes).
    Removing gd32f3x0_rcu.o(i.rcu_periph_clock_disable), (32 bytes).
    Removing gd32f3x0_rcu.o(i.rcu_periph_clock_sleep_disable), (32 bytes).
    Removing gd32f3x0_rcu.o(i.rcu_periph_clock_sleep_enable), (32 bytes).
    Removing gd32f3x0_rcu.o(i.rcu_pll_config), (64 bytes).
    Removing gd32f3x0_rcu.o(i.rcu_pll_preselection_config), (28 bytes).
    Removing gd32f3x0_rcu.o(i.rcu_rtc_clock_config), (28 bytes).
    Removing gd32f3x0_rcu.o(i.rcu_system_clock_source_config), (28 bytes).
    Removing gd32f3x0_rcu.o(i.rcu_system_clock_source_get), (16 bytes).
    Removing gd32f3x0_rcu.o(i.rcu_usart_clock_config), (28 bytes).
    Removing gd32f3x0_rcu.o(i.rcu_usbfs_clock_config), (56 bytes).
    Removing gd32f3x0_rcu.o(i.rcu_voltage_key_unlock), (40 bytes).
    Removing gd32f3x0_rtc.o(.rev16_text), (4 bytes).
    Removing gd32f3x0_rtc.o(.revsh_text), (4 bytes).
    Removing gd32f3x0_rtc.o(i.rtc_alarm_config), (84 bytes).
    Removing gd32f3x0_rtc.o(i.rtc_alarm_disable), (80 bytes).
    Removing gd32f3x0_rtc.o(i.rtc_alarm_enable), (40 bytes).
    Removing gd32f3x0_rtc.o(i.rtc_alarm_get), (56 bytes).
    Removing gd32f3x0_rtc.o(i.rtc_alarm_subsecond_config), (32 bytes).
    Removing gd32f3x0_rtc.o(i.rtc_alarm_subsecond_get), (16 bytes).
    Removing gd32f3x0_rtc.o(i.rtc_alter_output_config), (76 bytes).
    Removing gd32f3x0_rtc.o(i.rtc_bypass_shadow_disable), (40 bytes).
    Removing gd32f3x0_rtc.o(i.rtc_bypass_shadow_enable), (40 bytes).
    Removing gd32f3x0_rtc.o(i.rtc_calibration_config), (76 bytes).
    Removing gd32f3x0_rtc.o(i.rtc_current_time_get), (100 bytes).
    Removing gd32f3x0_rtc.o(i.rtc_deinit), (128 bytes).
    Removing gd32f3x0_rtc.o(i.rtc_flag_clear), (16 bytes).
    Removing gd32f3x0_rtc.o(i.rtc_flag_get), (20 bytes).
    Removing gd32f3x0_rtc.o(i.rtc_hour_adjust), (36 bytes).
    Removing gd32f3x0_rtc.o(i.rtc_init), (196 bytes).
    Removing gd32f3x0_rtc.o(i.rtc_init_mode_enter), (68 bytes).
    Removing gd32f3x0_rtc.o(i.rtc_init_mode_exit), (20 bytes).
    Removing gd32f3x0_rtc.o(i.rtc_interrupt_disable), (60 bytes).
    Removing gd32f3x0_rtc.o(i.rtc_interrupt_enable), (60 bytes).
    Removing gd32f3x0_rtc.o(i.rtc_refclock_detection_disable), (56 bytes).
    Removing gd32f3x0_rtc.o(i.rtc_refclock_detection_enable), (56 bytes).
    Removing gd32f3x0_rtc.o(i.rtc_register_sync_wait), (96 bytes).
    Removing gd32f3x0_rtc.o(i.rtc_second_adjust), (108 bytes).
    Removing gd32f3x0_rtc.o(i.rtc_subsecond_get), (20 bytes).
    Removing gd32f3x0_rtc.o(i.rtc_tamper_disable), (16 bytes).
    Removing gd32f3x0_rtc.o(i.rtc_tamper_enable), (164 bytes).
    Removing gd32f3x0_rtc.o(i.rtc_timestamp_disable), (40 bytes).
    Removing gd32f3x0_rtc.o(i.rtc_timestamp_enable), (48 bytes).
    Removing gd32f3x0_rtc.o(i.rtc_timestamp_get), (60 bytes).
    Removing gd32f3x0_rtc.o(i.rtc_timestamp_subsecond_get), (12 bytes).
    Removing gd32f3x0_spi.o(.rev16_text), (4 bytes).
    Removing gd32f3x0_spi.o(.revsh_text), (4 bytes).
    Removing gd32f3x0_spi.o(i.i2s_disable), (10 bytes).
    Removing gd32f3x0_spi.o(i.i2s_enable), (10 bytes).
    Removing gd32f3x0_spi.o(i.i2s_init), (28 bytes).
    Removing gd32f3x0_spi.o(i.i2s_psc_config), (164 bytes).
    Removing gd32f3x0_spi.o(i.spi_bidirectional_transfer_config), (26 bytes).
    Removing gd32f3x0_spi.o(i.spi_crc_error_clear), (10 bytes).
    Removing gd32f3x0_spi.o(i.spi_crc_get), (16 bytes).
    Removing gd32f3x0_spi.o(i.spi_crc_next), (10 bytes).
    Removing gd32f3x0_spi.o(i.spi_crc_off), (10 bytes).
    Removing gd32f3x0_spi.o(i.spi_crc_on), (10 bytes).
    Removing gd32f3x0_spi.o(i.spi_crc_polynomial_get), (8 bytes).
    Removing gd32f3x0_spi.o(i.spi_crc_polynomial_set), (12 bytes).
    Removing gd32f3x0_spi.o(i.spi_disable), (10 bytes).
    Removing gd32f3x0_spi.o(i.spi_dma_disable), (22 bytes).
    Removing gd32f3x0_spi.o(i.spi_dma_enable), (22 bytes).
    Removing gd32f3x0_spi.o(i.spi_enable), (10 bytes).
    Removing gd32f3x0_spi.o(i.spi_i2s_data_frame_format_config), (16 bytes).
    Removing gd32f3x0_spi.o(i.spi_i2s_data_receive), (8 bytes).
    Removing gd32f3x0_spi.o(i.spi_i2s_data_transmit), (4 bytes).
    Removing gd32f3x0_spi.o(i.spi_i2s_deinit), (64 bytes).
    Removing gd32f3x0_spi.o(i.spi_i2s_flag_get), (16 bytes).
    Removing gd32f3x0_spi.o(i.spi_i2s_interrupt_disable), (8 bytes).
    Removing gd32f3x0_spi.o(i.spi_i2s_interrupt_enable), (8 bytes).
    Removing gd32f3x0_spi.o(i.spi_i2s_interrupt_flag_get), (112 bytes).
    Removing gd32f3x0_spi.o(i.spi_init), (50 bytes).
    Removing gd32f3x0_spi.o(i.spi_nss_internal_high), (10 bytes).
    Removing gd32f3x0_spi.o(i.spi_nss_internal_low), (10 bytes).
    Removing gd32f3x0_spi.o(i.spi_nss_output_disable), (10 bytes).
    Removing gd32f3x0_spi.o(i.spi_nss_output_enable), (10 bytes).
    Removing gd32f3x0_spi.o(i.spi_nssp_mode_disable), (10 bytes).
    Removing gd32f3x0_spi.o(i.spi_nssp_mode_enable), (10 bytes).
    Removing gd32f3x0_spi.o(i.spi_quad_disable), (14 bytes).
    Removing gd32f3x0_spi.o(i.spi_quad_enable), (14 bytes).
    Removing gd32f3x0_spi.o(i.spi_quad_io23_output_disable), (14 bytes).
    Removing gd32f3x0_spi.o(i.spi_quad_io23_output_enable), (14 bytes).
    Removing gd32f3x0_spi.o(i.spi_quad_read_enable), (14 bytes).
    Removing gd32f3x0_spi.o(i.spi_quad_write_enable), (14 bytes).
    Removing gd32f3x0_spi.o(i.spi_struct_para_init), (18 bytes).
    Removing gd32f3x0_spi.o(i.spi_ti_mode_disable), (10 bytes).
    Removing gd32f3x0_spi.o(i.spi_ti_mode_enable), (10 bytes).
    Removing gd32f3x0_syscfg.o(.rev16_text), (4 bytes).
    Removing gd32f3x0_syscfg.o(.revsh_text), (4 bytes).
    Removing gd32f3x0_syscfg.o(i.syscfg_compensation_config), (24 bytes).
    Removing gd32f3x0_syscfg.o(i.syscfg_cps_rdy_flag_get), (24 bytes).
    Removing gd32f3x0_syscfg.o(i.syscfg_deinit), (20 bytes).
    Removing gd32f3x0_syscfg.o(i.syscfg_dma_remap_disable), (16 bytes).
    Removing gd32f3x0_syscfg.o(i.syscfg_dma_remap_enable), (16 bytes).
    Removing gd32f3x0_syscfg.o(i.syscfg_exti_line_config), (160 bytes).
    Removing gd32f3x0_syscfg.o(i.syscfg_flag_clear), (16 bytes).
    Removing gd32f3x0_syscfg.o(i.syscfg_flag_get), (24 bytes).
    Removing gd32f3x0_syscfg.o(i.syscfg_high_current_disable), (20 bytes).
    Removing gd32f3x0_syscfg.o(i.syscfg_high_current_enable), (20 bytes).
    Removing gd32f3x0_syscfg.o(i.syscfg_lock_config), (16 bytes).
    Removing gd32f3x0_timer.o(.rev16_text), (4 bytes).
    Removing gd32f3x0_timer.o(.revsh_text), (4 bytes).
    Removing gd32f3x0_timer.o(i.timer_auto_reload_shadow_disable), (10 bytes).
    Removing gd32f3x0_timer.o(i.timer_auto_reload_shadow_enable), (10 bytes).
    Removing gd32f3x0_timer.o(i.timer_automatic_output_disable), (10 bytes).
    Removing gd32f3x0_timer.o(i.timer_automatic_output_enable), (10 bytes).
    Removing gd32f3x0_timer.o(i.timer_autoreload_value_config), (4 bytes).
    Removing gd32f3x0_timer.o(i.timer_break_config), (30 bytes).
    Removing gd32f3x0_timer.o(i.timer_break_disable), (10 bytes).
    Removing gd32f3x0_timer.o(i.timer_break_enable), (10 bytes).
    Removing gd32f3x0_timer.o(i.timer_break_struct_para_init), (18 bytes).
    Removing gd32f3x0_timer.o(i.timer_channel_capture_value_register_read), (42 bytes).
    Removing gd32f3x0_timer.o(i.timer_channel_complementary_output_polarity_config), (92 bytes).
    Removing gd32f3x0_timer.o(i.timer_channel_complementary_output_state_config), (70 bytes).
    Removing gd32f3x0_timer.o(i.timer_channel_control_shadow_config), (24 bytes).
    Removing gd32f3x0_timer.o(i.timer_channel_control_shadow_update_config), (26 bytes).
    Removing gd32f3x0_timer.o(i.timer_channel_dma_request_source_select), (26 bytes).
    Removing gd32f3x0_timer.o(i.timer_channel_input_capture_prescaler_config), (90 bytes).
    Removing gd32f3x0_timer.o(i.timer_channel_input_struct_para_init), (16 bytes).
    Removing gd32f3x0_timer.o(i.timer_channel_output_clear_config), (90 bytes).
    Removing gd32f3x0_timer.o(i.timer_channel_output_config), (520 bytes).
    Removing gd32f3x0_timer.o(i.timer_channel_output_fast_config), (90 bytes).
    Removing gd32f3x0_timer.o(i.timer_channel_output_mode_config), (90 bytes).
    Removing gd32f3x0_timer.o(i.timer_channel_output_polarity_config), (92 bytes).
    Removing gd32f3x0_timer.o(i.timer_channel_output_pulse_value_config), (38 bytes).
    Removing gd32f3x0_timer.o(i.timer_channel_output_shadow_config), (90 bytes).
    Removing gd32f3x0_timer.o(i.timer_channel_output_state_config), (92 bytes).
    Removing gd32f3x0_timer.o(i.timer_channel_output_struct_para_init), (16 bytes).
    Removing gd32f3x0_timer.o(i.timer_channel_remap_config), (4 bytes).
    Removing gd32f3x0_timer.o(i.timer_counter_alignment), (16 bytes).
    Removing gd32f3x0_timer.o(i.timer_counter_down_direction), (10 bytes).
    Removing gd32f3x0_timer.o(i.timer_counter_read), (8 bytes).
    Removing gd32f3x0_timer.o(i.timer_counter_up_direction), (10 bytes).
    Removing gd32f3x0_timer.o(i.timer_counter_value_config), (4 bytes).
    Removing gd32f3x0_timer.o(i.timer_deinit), (220 bytes).
    Removing gd32f3x0_timer.o(i.timer_disable), (10 bytes).
    Removing gd32f3x0_timer.o(i.timer_dma_disable), (8 bytes).
    Removing gd32f3x0_timer.o(i.timer_dma_enable), (8 bytes).
    Removing gd32f3x0_timer.o(i.timer_dma_transfer_config), (24 bytes).
    Removing gd32f3x0_timer.o(i.timer_enable), (10 bytes).
    Removing gd32f3x0_timer.o(i.timer_event_software_generate), (8 bytes).
    Removing gd32f3x0_timer.o(i.timer_external_clock_mode0_config), (40 bytes).
    Removing gd32f3x0_timer.o(i.timer_external_clock_mode1_config), (32 bytes).
    Removing gd32f3x0_timer.o(i.timer_external_clock_mode1_disable), (10 bytes).
    Removing gd32f3x0_timer.o(i.timer_external_trigger_as_external_clock_config), (166 bytes).
    Removing gd32f3x0_timer.o(i.timer_external_trigger_config), (30 bytes).
    Removing gd32f3x0_timer.o(i.timer_flag_clear), (6 bytes).
    Removing gd32f3x0_timer.o(i.timer_flag_get), (16 bytes).
    Removing gd32f3x0_timer.o(i.timer_hall_mode_config), (26 bytes).
    Removing gd32f3x0_timer.o(i.timer_init), (172 bytes).
    Removing gd32f3x0_timer.o(i.timer_input_capture_config), (326 bytes).
    Removing gd32f3x0_timer.o(i.timer_input_pwm_capture_config), (356 bytes).
    Removing gd32f3x0_timer.o(i.timer_input_trigger_source_select), (16 bytes).
    Removing gd32f3x0_timer.o(i.timer_internal_clock_config), (10 bytes).
    Removing gd32f3x0_timer.o(i.timer_internal_trigger_as_external_clock_config), (32 bytes).
    Removing gd32f3x0_timer.o(i.timer_interrupt_disable), (8 bytes).
    Removing gd32f3x0_timer.o(i.timer_interrupt_enable), (8 bytes).
    Removing gd32f3x0_timer.o(i.timer_master_output_trigger_source_select), (16 bytes).
    Removing gd32f3x0_timer.o(i.timer_master_slave_mode_config), (26 bytes).
    Removing gd32f3x0_timer.o(i.timer_ocpre_clear_source_config), (26 bytes).
    Removing gd32f3x0_timer.o(i.timer_output_value_selection_config), (34 bytes).
    Removing gd32f3x0_timer.o(i.timer_prescaler_config), (14 bytes).
    Removing gd32f3x0_timer.o(i.timer_prescaler_read), (10 bytes).
    Removing gd32f3x0_timer.o(i.timer_primary_output_config), (24 bytes).
    Removing gd32f3x0_timer.o(i.timer_quadrature_decoder_mode_config), (64 bytes).
    Removing gd32f3x0_timer.o(i.timer_repetition_value_config), (4 bytes).
    Removing gd32f3x0_timer.o(i.timer_single_pulse_mode_config), (26 bytes).
    Removing gd32f3x0_timer.o(i.timer_slave_mode_select), (16 bytes).
    Removing gd32f3x0_timer.o(i.timer_struct_para_init), (22 bytes).
    Removing gd32f3x0_timer.o(i.timer_update_event_disable), (10 bytes).
    Removing gd32f3x0_timer.o(i.timer_update_event_enable), (10 bytes).
    Removing gd32f3x0_timer.o(i.timer_update_source_config), (26 bytes).
    Removing gd32f3x0_timer.o(i.timer_write_chxval_register_config), (34 bytes).
    Removing gd32f3x0_tsi.o(.rev16_text), (4 bytes).
    Removing gd32f3x0_tsi.o(.revsh_text), (4 bytes).
    Removing gd32f3x0_tsi.o(i.tsi_analog_off), (16 bytes).
    Removing gd32f3x0_tsi.o(i.tsi_analog_on), (16 bytes).
    Removing gd32f3x0_tsi.o(i.tsi_channel_pin_disable), (16 bytes).
    Removing gd32f3x0_tsi.o(i.tsi_channel_pin_enable), (16 bytes).
    Removing gd32f3x0_tsi.o(i.tsi_deinit), (20 bytes).
    Removing gd32f3x0_tsi.o(i.tsi_disable), (20 bytes).
    Removing gd32f3x0_tsi.o(i.tsi_enable), (20 bytes).
    Removing gd32f3x0_tsi.o(i.tsi_extend_charge_config), (168 bytes).
    Removing gd32f3x0_tsi.o(i.tsi_flag_clear), (16 bytes).
    Removing gd32f3x0_tsi.o(i.tsi_flag_get), (24 bytes).
    Removing gd32f3x0_tsi.o(i.tsi_group0_cycle_get), (12 bytes).
    Removing gd32f3x0_tsi.o(i.tsi_group1_cycle_get), (12 bytes).
    Removing gd32f3x0_tsi.o(i.tsi_group2_cycle_get), (12 bytes).
    Removing gd32f3x0_tsi.o(i.tsi_group3_cycle_get), (12 bytes).
    Removing gd32f3x0_tsi.o(i.tsi_group4_cycle_get), (12 bytes).
    Removing gd32f3x0_tsi.o(i.tsi_group5_cycle_get), (12 bytes).
    Removing gd32f3x0_tsi.o(i.tsi_group_disable), (16 bytes).
    Removing gd32f3x0_tsi.o(i.tsi_group_enable), (16 bytes).
    Removing gd32f3x0_tsi.o(i.tsi_group_status_get), (24 bytes).
    Removing gd32f3x0_tsi.o(i.tsi_hardware_mode_config), (56 bytes).
    Removing gd32f3x0_tsi.o(i.tsi_hysteresis_off), (16 bytes).
    Removing gd32f3x0_tsi.o(i.tsi_hysteresis_on), (16 bytes).
    Removing gd32f3x0_tsi.o(i.tsi_init), (112 bytes).
    Removing gd32f3x0_tsi.o(i.tsi_interrupt_disable), (16 bytes).
    Removing gd32f3x0_tsi.o(i.tsi_interrupt_enable), (16 bytes).
    Removing gd32f3x0_tsi.o(i.tsi_interrupt_flag_clear), (16 bytes).
    Removing gd32f3x0_tsi.o(i.tsi_interrupt_flag_get), (40 bytes).
    Removing gd32f3x0_tsi.o(i.tsi_max_number_config), (32 bytes).
    Removing gd32f3x0_tsi.o(i.tsi_pin_mode_config), (44 bytes).
    Removing gd32f3x0_tsi.o(i.tsi_plus_config), (108 bytes).
    Removing gd32f3x0_tsi.o(i.tsi_sample_pin_disable), (28 bytes).
    Removing gd32f3x0_tsi.o(i.tsi_sample_pin_enable), (28 bytes).
    Removing gd32f3x0_tsi.o(i.tsi_software_mode_config), (28 bytes).
    Removing gd32f3x0_tsi.o(i.tsi_software_start), (20 bytes).
    Removing gd32f3x0_tsi.o(i.tsi_software_stop), (20 bytes).
    Removing gd32f3x0_usart.o(.rev16_text), (4 bytes).
    Removing gd32f3x0_usart.o(.revsh_text), (4 bytes).
    Removing gd32f3x0_usart.o(i.usart_address_config), (32 bytes).
    Removing gd32f3x0_usart.o(i.usart_address_detection_mode_config), (28 bytes).
    Removing gd32f3x0_usart.o(i.usart_block_length_config), (24 bytes).
    Removing gd32f3x0_usart.o(i.usart_clock_disable), (18 bytes).
    Removing gd32f3x0_usart.o(i.usart_clock_enable), (18 bytes).
    Removing gd32f3x0_usart.o(i.usart_command_enable), (8 bytes).
    Removing gd32f3x0_usart.o(i.usart_data_first_config), (28 bytes).
    Removing gd32f3x0_usart.o(i.usart_data_receive), (10 bytes).
    Removing gd32f3x0_usart.o(i.usart_depolarity_config), (28 bytes).
    Removing gd32f3x0_usart.o(i.usart_disable), (10 bytes).
    Removing gd32f3x0_usart.o(i.usart_dma_receive_config), (16 bytes).
    Removing gd32f3x0_usart.o(i.usart_dma_transmit_config), (16 bytes).
    Removing gd32f3x0_usart.o(i.usart_driver_assertime_config), (32 bytes).
    Removing gd32f3x0_usart.o(i.usart_driver_deassertime_config), (32 bytes).
    Removing gd32f3x0_usart.o(i.usart_flag_clear), (18 bytes).
    Removing gd32f3x0_usart.o(i.usart_guard_time_config), (32 bytes).
    Removing gd32f3x0_usart.o(i.usart_halfduplex_disable), (18 bytes).
    Removing gd32f3x0_usart.o(i.usart_halfduplex_enable), (18 bytes).
    Removing gd32f3x0_usart.o(i.usart_hardware_flow_cts_config), (24 bytes).
    Removing gd32f3x0_usart.o(i.usart_hardware_flow_rts_config), (24 bytes).
    Removing gd32f3x0_usart.o(i.usart_interrupt_disable), (26 bytes).
    Removing gd32f3x0_usart.o(i.usart_interrupt_enable), (26 bytes).
    Removing gd32f3x0_usart.o(i.usart_interrupt_flag_clear), (44 bytes).
    Removing gd32f3x0_usart.o(i.usart_interrupt_flag_get), (56 bytes).
    Removing gd32f3x0_usart.o(i.usart_invert_config), (110 bytes).
    Removing gd32f3x0_usart.o(i.usart_irda_lowpower_config), (28 bytes).
    Removing gd32f3x0_usart.o(i.usart_irda_mode_disable), (18 bytes).
    Removing gd32f3x0_usart.o(i.usart_irda_mode_enable), (18 bytes).
    Removing gd32f3x0_usart.o(i.usart_lin_break_detection_length_config), (28 bytes).
    Removing gd32f3x0_usart.o(i.usart_lin_mode_disable), (18 bytes).
    Removing gd32f3x0_usart.o(i.usart_lin_mode_enable), (18 bytes).
    Removing gd32f3x0_usart.o(i.usart_mute_mode_disable), (10 bytes).
    Removing gd32f3x0_usart.o(i.usart_mute_mode_enable), (10 bytes).
    Removing gd32f3x0_usart.o(i.usart_mute_mode_wakeup_config), (24 bytes).
    Removing gd32f3x0_usart.o(i.usart_overrun_disable), (18 bytes).
    Removing gd32f3x0_usart.o(i.usart_overrun_enable), (18 bytes).
    Removing gd32f3x0_usart.o(i.usart_oversample_config), (24 bytes).
    Removing gd32f3x0_usart.o(i.usart_prescaler_config), (24 bytes).
    Removing gd32f3x0_usart.o(i.usart_receive_fifo_counter_number), (12 bytes).
    Removing gd32f3x0_usart.o(i.usart_receive_fifo_disable), (14 bytes).
    Removing gd32f3x0_usart.o(i.usart_receive_fifo_enable), (14 bytes).
    Removing gd32f3x0_usart.o(i.usart_receiver_timeout_disable), (10 bytes).
    Removing gd32f3x0_usart.o(i.usart_receiver_timeout_enable), (10 bytes).
    Removing gd32f3x0_usart.o(i.usart_receiver_timeout_threshold_config), (16 bytes).
    Removing gd32f3x0_usart.o(i.usart_reception_error_dma_disable), (18 bytes).
    Removing gd32f3x0_usart.o(i.usart_reception_error_dma_enable), (18 bytes).
    Removing gd32f3x0_usart.o(i.usart_rs485_driver_disable), (18 bytes).
    Removing gd32f3x0_usart.o(i.usart_rs485_driver_enable), (18 bytes).
    Removing gd32f3x0_usart.o(i.usart_sample_bit_config), (24 bytes).
    Removing gd32f3x0_usart.o(i.usart_smartcard_autoretry_config), (32 bytes).
    Removing gd32f3x0_usart.o(i.usart_smartcard_mode_disable), (18 bytes).
    Removing gd32f3x0_usart.o(i.usart_smartcard_mode_early_nack_disable), (14 bytes).
    Removing gd32f3x0_usart.o(i.usart_smartcard_mode_early_nack_enable), (14 bytes).
    Removing gd32f3x0_usart.o(i.usart_smartcard_mode_enable), (18 bytes).
    Removing gd32f3x0_usart.o(i.usart_smartcard_mode_nack_disable), (18 bytes).
    Removing gd32f3x0_usart.o(i.usart_smartcard_mode_nack_enable), (18 bytes).
    Removing gd32f3x0_usart.o(i.usart_synchronous_clock_config), (50 bytes).
    Removing gd32f3x0_usart.o(i.usart_wakeup_disable), (10 bytes).
    Removing gd32f3x0_usart.o(i.usart_wakeup_enable), (10 bytes).
    Removing gd32f3x0_usart.o(i.usart_wakeup_mode_config), (28 bytes).
    Removing gd32f3x0_wwdgt.o(.rev16_text), (4 bytes).
    Removing gd32f3x0_wwdgt.o(.revsh_text), (4 bytes).
    Removing gd32f3x0_wwdgt.o(i.wwdgt_config), (28 bytes).
    Removing gd32f3x0_wwdgt.o(i.wwdgt_counter_update), (16 bytes).
    Removing gd32f3x0_wwdgt.o(i.wwdgt_deinit), (20 bytes).
    Removing gd32f3x0_wwdgt.o(i.wwdgt_enable), (20 bytes).
    Removing gd32f3x0_wwdgt.o(i.wwdgt_flag_clear), (12 bytes).
    Removing gd32f3x0_wwdgt.o(i.wwdgt_flag_get), (24 bytes).
    Removing gd32f3x0_wwdgt.o(i.wwdgt_interrupt_enable), (20 bytes).
    Removing gd32f3x0_it.o(.rev16_text), (4 bytes).
    Removing gd32f3x0_it.o(.revsh_text), (4 bytes).
    Removing main.o(.rev16_text), (4 bytes).
    Removing main.o(.revsh_text), (4 bytes).
    Removing systick_1.o(.rev16_text), (4 bytes).
    Removing systick_1.o(.revsh_text), (4 bytes).

646 unused section(s) (total 23576 bytes) removed from the image.

==============================================================================

Image Symbol Table

    Local Symbols

    Symbol Name                              Value     Ov Type        Size  Object(Section)

    ../clib/microlib/division.c              0x00000000   Number         0  uldiv.o ABSOLUTE
    ../clib/microlib/division.c              0x00000000   Number         0  uidiv.o ABSOLUTE
    ../clib/microlib/init/entry.s            0x00000000   Number         0  entry9b.o ABSOLUTE
    ../clib/microlib/init/entry.s            0x00000000   Number         0  entry7b.o ABSOLUTE
    ../clib/microlib/init/entry.s            0x00000000   Number         0  entry10b.o ABSOLUTE
    ../clib/microlib/init/entry.s            0x00000000   Number         0  entry10a.o ABSOLUTE
    ../clib/microlib/init/entry.s            0x00000000   Number         0  entry2.o ABSOLUTE
    ../clib/microlib/init/entry.s            0x00000000   Number         0  entry9a.o ABSOLUTE
    ../clib/microlib/init/entry.s            0x00000000   Number         0  entry5.o ABSOLUTE
    ../clib/microlib/init/entry.s            0x00000000   Number         0  entry12b.o ABSOLUTE
    ../clib/microlib/init/entry.s            0x00000000   Number         0  entry12a.o ABSOLUTE
    ../clib/microlib/init/entry.s            0x00000000   Number         0  entry8b.o ABSOLUTE
    ../clib/microlib/init/entry.s            0x00000000   Number         0  entry.o ABSOLUTE
    ../clib/microlib/init/entry.s            0x00000000   Number         0  entry7a.o ABSOLUTE
    ../clib/microlib/init/entry.s            0x00000000   Number         0  entry11a.o ABSOLUTE
    ../clib/microlib/init/entry.s            0x00000000   Number         0  entry8a.o ABSOLUTE
    ../clib/microlib/init/entry.s            0x00000000   Number         0  entry11b.o ABSOLUTE
    ../clib/microlib/longlong.c              0x00000000   Number         0  llsshr.o ABSOLUTE
    ../clib/microlib/longlong.c              0x00000000   Number         0  llushr.o ABSOLUTE
    ../clib/microlib/longlong.c              0x00000000   Number         0  llshl.o ABSOLUTE
    ../clib/microlib/printf/printf.c         0x00000000   Number         0  printf0.o ABSOLUTE
    ../clib/microlib/printf/printf.c         0x00000000   Number         0  printfa.o ABSOLUTE
    ../clib/microlib/printf/printf.c         0x00000000   Number         0  printf2.o ABSOLUTE
    ../clib/microlib/printf/printf.c         0x00000000   Number         0  printf7.o ABSOLUTE
    ../clib/microlib/printf/printf.c         0x00000000   Number         0  printf1.o ABSOLUTE
    ../clib/microlib/printf/printf.c         0x00000000   Number         0  printfb.o ABSOLUTE
    ../clib/microlib/printf/printf.c         0x00000000   Number         0  printf3.o ABSOLUTE
    ../clib/microlib/printf/printf.c         0x00000000   Number         0  printf4.o ABSOLUTE
    ../clib/microlib/printf/printf.c         0x00000000   Number         0  printf5.o ABSOLUTE
    ../clib/microlib/printf/printf.c         0x00000000   Number         0  printf8.o ABSOLUTE
    ../clib/microlib/printf/printf.c         0x00000000   Number         0  printf6.o ABSOLUTE
    ../clib/microlib/printf/stubs.s          0x00000000   Number         0  stubs.o ABSOLUTE
    ../clib/microlib/stdio/streams.c         0x00000000   Number         0  stdout.o ABSOLUTE
    ../clib/microlib/stubs.s                 0x00000000   Number         0  iusefp.o ABSOLUTE
    ../fplib/microlib/fpadd.c                0x00000000   Number         0  dadd.o ABSOLUTE
    ../fplib/microlib/fpdiv.c                0x00000000   Number         0  ddiv.o ABSOLUTE
    ../fplib/microlib/fpepilogue.c           0x00000000   Number         0  depilogue.o ABSOLUTE
    ../fplib/microlib/fpfix.c                0x00000000   Number         0  dfixul.o ABSOLUTE
    ../fplib/microlib/fpflt.c                0x00000000   Number         0  dfltui.o ABSOLUTE
    ../fplib/microlib/fpmul.c                0x00000000   Number         0  dmul.o ABSOLUTE
    Drivers\ADC\ADC.c                        0x00000000   Number         0  adc.o ABSOLUTE
    Drivers\DMA\DMA.c                        0x00000000   Number         0  dma.o ABSOLUTE
    Drivers\EXTI-Key\EXTI-Key.c              0x00000000   Number         0  exti-key.o ABSOLUTE
    Drivers\Key\Key.c                        0x00000000   Number         0  key.o ABSOLUTE
    Drivers\LED\LED.c                        0x00000000   Number         0  led.o ABSOLUTE
    Drivers\PWM-LED\PWM-LED.c                0x00000000   Number         0  pwm-led.o ABSOLUTE
    Drivers\SysTick\SysTick.c                0x00000000   Number         0  systick.o ABSOLUTE
    Drivers\Timer-LED\Timer-LED.c            0x00000000   Number         0  timer-led.o ABSOLUTE
    Drivers\USART\USART.c                    0x00000000   Number         0  usart.o ABSOLUTE
    Drivers\\ADC\\ADC.c                      0x00000000   Number         0  adc.o ABSOLUTE
    Drivers\\EXTI-Key\\EXTI-Key.c            0x00000000   Number         0  exti-key.o ABSOLUTE
    Drivers\\Key\\Key.c                      0x00000000   Number         0  key.o ABSOLUTE
    Drivers\\LED\\LED.c                      0x00000000   Number         0  led.o ABSOLUTE
    Drivers\\PWM-LED\\PWM-LED.c              0x00000000   Number         0  pwm-led.o ABSOLUTE
    Drivers\\SysTick\\SysTick.c              0x00000000   Number         0  systick.o ABSOLUTE
    Drivers\\Timer-LED\\Timer-LED.c          0x00000000   Number         0  timer-led.o ABSOLUTE
    Drivers\\USART\\USART.c                  0x00000000   Number         0  usart.o ABSOLUTE
    Firmware\CMSIS\GD\GD32F3x0\Source\ARM\startup_gd32f3x0.s 0x00000000   Number         0  startup_gd32f3x0.o ABSOLUTE
    Firmware\CMSIS\GD\GD32F3x0\Source\system_gd32f3x0.c 0x00000000   Number         0  system_gd32f3x0.o ABSOLUTE
    Firmware\GD32F3x0_standard_peripheral\Source\gd32f3x0_adc.c 0x00000000   Number         0  gd32f3x0_adc.o ABSOLUTE
    Firmware\GD32F3x0_standard_peripheral\Source\gd32f3x0_cec.c 0x00000000   Number         0  gd32f3x0_cec.o ABSOLUTE
    Firmware\GD32F3x0_standard_peripheral\Source\gd32f3x0_cmp.c 0x00000000   Number         0  gd32f3x0_cmp.o ABSOLUTE
    Firmware\GD32F3x0_standard_peripheral\Source\gd32f3x0_crc.c 0x00000000   Number         0  gd32f3x0_crc.o ABSOLUTE
    Firmware\GD32F3x0_standard_peripheral\Source\gd32f3x0_ctc.c 0x00000000   Number         0  gd32f3x0_ctc.o ABSOLUTE
    Firmware\GD32F3x0_standard_peripheral\Source\gd32f3x0_dac.c 0x00000000   Number         0  gd32f3x0_dac.o ABSOLUTE
    Firmware\GD32F3x0_standard_peripheral\Source\gd32f3x0_dbg.c 0x00000000   Number         0  gd32f3x0_dbg.o ABSOLUTE
    Firmware\GD32F3x0_standard_peripheral\Source\gd32f3x0_dma.c 0x00000000   Number         0  gd32f3x0_dma.o ABSOLUTE
    Firmware\GD32F3x0_standard_peripheral\Source\gd32f3x0_exti.c 0x00000000   Number         0  gd32f3x0_exti.o ABSOLUTE
    Firmware\GD32F3x0_standard_peripheral\Source\gd32f3x0_fmc.c 0x00000000   Number         0  gd32f3x0_fmc.o ABSOLUTE
    Firmware\GD32F3x0_standard_peripheral\Source\gd32f3x0_fwdgt.c 0x00000000   Number         0  gd32f3x0_fwdgt.o ABSOLUTE
    Firmware\GD32F3x0_standard_peripheral\Source\gd32f3x0_gpio.c 0x00000000   Number         0  gd32f3x0_gpio.o ABSOLUTE
    Firmware\GD32F3x0_standard_peripheral\Source\gd32f3x0_i2c.c 0x00000000   Number         0  gd32f3x0_i2c.o ABSOLUTE
    Firmware\GD32F3x0_standard_peripheral\Source\gd32f3x0_misc.c 0x00000000   Number         0  gd32f3x0_misc.o ABSOLUTE
    Firmware\GD32F3x0_standard_peripheral\Source\gd32f3x0_pmu.c 0x00000000   Number         0  gd32f3x0_pmu.o ABSOLUTE
    Firmware\GD32F3x0_standard_peripheral\Source\gd32f3x0_rcu.c 0x00000000   Number         0  gd32f3x0_rcu.o ABSOLUTE
    Firmware\GD32F3x0_standard_peripheral\Source\gd32f3x0_rtc.c 0x00000000   Number         0  gd32f3x0_rtc.o ABSOLUTE
    Firmware\GD32F3x0_standard_peripheral\Source\gd32f3x0_spi.c 0x00000000   Number         0  gd32f3x0_spi.o ABSOLUTE
    Firmware\GD32F3x0_standard_peripheral\Source\gd32f3x0_syscfg.c 0x00000000   Number         0  gd32f3x0_syscfg.o ABSOLUTE
    Firmware\GD32F3x0_standard_peripheral\Source\gd32f3x0_timer.c 0x00000000   Number         0  gd32f3x0_timer.o ABSOLUTE
    Firmware\GD32F3x0_standard_peripheral\Source\gd32f3x0_tsi.c 0x00000000   Number         0  gd32f3x0_tsi.o ABSOLUTE
    Firmware\GD32F3x0_standard_peripheral\Source\gd32f3x0_usart.c 0x00000000   Number         0  gd32f3x0_usart.o ABSOLUTE
    Firmware\GD32F3x0_standard_peripheral\Source\gd32f3x0_wwdgt.c 0x00000000   Number         0  gd32f3x0_wwdgt.o ABSOLUTE
    Firmware\\CMSIS\\GD\\GD32F3x0\\Source\\system_gd32f3x0.c 0x00000000   Number         0  system_gd32f3x0.o ABSOLUTE
    Firmware\\GD32F3x0_standard_peripheral\\Source\\gd32f3x0_adc.c 0x00000000   Number         0  gd32f3x0_adc.o ABSOLUTE
    Firmware\\GD32F3x0_standard_peripheral\\Source\\gd32f3x0_cec.c 0x00000000   Number         0  gd32f3x0_cec.o ABSOLUTE
    Firmware\\GD32F3x0_standard_peripheral\\Source\\gd32f3x0_cmp.c 0x00000000   Number         0  gd32f3x0_cmp.o ABSOLUTE
    Firmware\\GD32F3x0_standard_peripheral\\Source\\gd32f3x0_crc.c 0x00000000   Number         0  gd32f3x0_crc.o ABSOLUTE
    Firmware\\GD32F3x0_standard_peripheral\\Source\\gd32f3x0_ctc.c 0x00000000   Number         0  gd32f3x0_ctc.o ABSOLUTE
    Firmware\\GD32F3x0_standard_peripheral\\Source\\gd32f3x0_dac.c 0x00000000   Number         0  gd32f3x0_dac.o ABSOLUTE
    Firmware\\GD32F3x0_standard_peripheral\\Source\\gd32f3x0_dbg.c 0x00000000   Number         0  gd32f3x0_dbg.o ABSOLUTE
    Firmware\\GD32F3x0_standard_peripheral\\Source\\gd32f3x0_dma.c 0x00000000   Number         0  gd32f3x0_dma.o ABSOLUTE
    Firmware\\GD32F3x0_standard_peripheral\\Source\\gd32f3x0_exti.c 0x00000000   Number         0  gd32f3x0_exti.o ABSOLUTE
    Firmware\\GD32F3x0_standard_peripheral\\Source\\gd32f3x0_fmc.c 0x00000000   Number         0  gd32f3x0_fmc.o ABSOLUTE
    Firmware\\GD32F3x0_standard_peripheral\\Source\\gd32f3x0_fwdgt.c 0x00000000   Number         0  gd32f3x0_fwdgt.o ABSOLUTE
    Firmware\\GD32F3x0_standard_peripheral\\Source\\gd32f3x0_gpio.c 0x00000000   Number         0  gd32f3x0_gpio.o ABSOLUTE
    Firmware\\GD32F3x0_standard_peripheral\\Source\\gd32f3x0_i2c.c 0x00000000   Number         0  gd32f3x0_i2c.o ABSOLUTE
    Firmware\\GD32F3x0_standard_peripheral\\Source\\gd32f3x0_misc.c 0x00000000   Number         0  gd32f3x0_misc.o ABSOLUTE
    Firmware\\GD32F3x0_standard_peripheral\\Source\\gd32f3x0_pmu.c 0x00000000   Number         0  gd32f3x0_pmu.o ABSOLUTE
    Firmware\\GD32F3x0_standard_peripheral\\Source\\gd32f3x0_rcu.c 0x00000000   Number         0  gd32f3x0_rcu.o ABSOLUTE
    Firmware\\GD32F3x0_standard_peripheral\\Source\\gd32f3x0_rtc.c 0x00000000   Number         0  gd32f3x0_rtc.o ABSOLUTE
    Firmware\\GD32F3x0_standard_peripheral\\Source\\gd32f3x0_spi.c 0x00000000   Number         0  gd32f3x0_spi.o ABSOLUTE
    Firmware\\GD32F3x0_standard_peripheral\\Source\\gd32f3x0_syscfg.c 0x00000000   Number         0  gd32f3x0_syscfg.o ABSOLUTE
    Firmware\\GD32F3x0_standard_peripheral\\Source\\gd32f3x0_timer.c 0x00000000   Number         0  gd32f3x0_timer.o ABSOLUTE
    Firmware\\GD32F3x0_standard_peripheral\\Source\\gd32f3x0_tsi.c 0x00000000   Number         0  gd32f3x0_tsi.o ABSOLUTE
    Firmware\\GD32F3x0_standard_peripheral\\Source\\gd32f3x0_usart.c 0x00000000   Number         0  gd32f3x0_usart.o ABSOLUTE
    Firmware\\GD32F3x0_standard_peripheral\\Source\\gd32f3x0_wwdgt.c 0x00000000   Number         0  gd32f3x0_wwdgt.o ABSOLUTE
    Sources\\gd32f3x0_it.c                   0x00000000   Number         0  gd32f3x0_it.o ABSOLUTE
    Sources\\main.c                          0x00000000   Number         0  main.o ABSOLUTE
    Sources\\systick.c                       0x00000000   Number         0  systick_1.o ABSOLUTE
    Sources\gd32f3x0_it.c                    0x00000000   Number         0  gd32f3x0_it.o ABSOLUTE
    Sources\main.c                           0x00000000   Number         0  main.o ABSOLUTE
    Sources\systick.c                        0x00000000   Number         0  systick_1.o ABSOLUTE
    cdrcmple.s                               0x00000000   Number         0  cdrcmple.o ABSOLUTE
    dc.s                                     0x00000000   Number         0  dc.o ABSOLUTE
    handlers.s                               0x00000000   Number         0  handlers.o ABSOLUTE
    init.s                                   0x00000000   Number         0  init.o ABSOLUTE
    RESET                                    0x08000000   Section      336  startup_gd32f3x0.o(RESET)
    .ARM.Collect$$$$00000000                 0x08000150   Section        0  entry.o(.ARM.Collect$$$$00000000)
    .ARM.Collect$$$$00000001                 0x08000150   Section        4  entry2.o(.ARM.Collect$$$$00000001)
    .ARM.Collect$$$$00000004                 0x08000154   Section        4  entry5.o(.ARM.Collect$$$$00000004)
    .ARM.Collect$$$$00000008                 0x08000158   Section        0  entry7b.o(.ARM.Collect$$$$00000008)
    .ARM.Collect$$$$0000000A                 0x08000158   Section        0  entry8b.o(.ARM.Collect$$$$0000000A)
    .ARM.Collect$$$$0000000B                 0x08000158   Section        8  entry9a.o(.ARM.Collect$$$$0000000B)
    .ARM.Collect$$$$0000000E                 0x08000160   Section        4  entry12b.o(.ARM.Collect$$$$0000000E)
    .ARM.Collect$$$$0000000F                 0x08000164   Section        0  entry10a.o(.ARM.Collect$$$$0000000F)
    .ARM.Collect$$$$00000011                 0x08000164   Section        0  entry11a.o(.ARM.Collect$$$$00000011)
    .ARM.Collect$$$$00002712                 0x08000164   Section        4  entry2.o(.ARM.Collect$$$$00002712)
    __lit__00000000                          0x08000164   Data           4  entry2.o(.ARM.Collect$$$$00002712)
    .text                                    0x08000168   Section       36  startup_gd32f3x0.o(.text)
    $v0                                      0x08000168   Number         0  startup_gd32f3x0.o(.text)
    .text                                    0x0800018c   Section        0  dmul.o(.text)
    .text                                    0x08000270   Section        0  ddiv.o(.text)
    .text                                    0x0800034e   Section        0  dfltui.o(.text)
    .text                                    0x08000368   Section        0  uidiv.o(.text)
    .text                                    0x08000394   Section        0  uldiv.o(.text)
    .text                                    0x080003f6   Section        0  depilogue.o(.text)
    .text                                    0x080003f6   Section        0  iusefp.o(.text)
    .text                                    0x080004b0   Section        0  dadd.o(.text)
    .text                                    0x080005fe   Section        0  dfixul.o(.text)
    .text                                    0x08000630   Section       48  cdrcmple.o(.text)
    .text                                    0x08000660   Section       36  init.o(.text)
    .text                                    0x08000684   Section        0  llshl.o(.text)
    .text                                    0x080006a2   Section        0  llushr.o(.text)
    .text                                    0x080006c2   Section        0  llsshr.o(.text)
    i.BusFault_Handler                       0x080006e6   Section        0  gd32f3x0_it.o(i.BusFault_Handler)
    i.DebugMon_Handler                       0x080006ea   Section        0  gd32f3x0_it.o(i.DebugMon_Handler)
    i.EXTI0_1_IRQHandler                     0x080006ec   Section        0  exti-key.o(i.EXTI0_1_IRQHandler)
    i.HardFault_Handler                      0x08000744   Section        0  gd32f3x0_it.o(i.HardFault_Handler)
    i.MemManage_Handler                      0x08000748   Section        0  gd32f3x0_it.o(i.MemManage_Handler)
    i.NMI_Handler                            0x0800074c   Section        0  gd32f3x0_it.o(i.NMI_Handler)
    i.NVIC_SetPriority                       0x08000750   Section        0  systick_1.o(i.NVIC_SetPriority)
    NVIC_SetPriority                         0x08000751   Thumb Code    32  systick_1.o(i.NVIC_SetPriority)
    i.PendSV_Handler                         0x08000778   Section        0  gd32f3x0_it.o(i.PendSV_Handler)
    i.SVC_Handler                            0x0800077a   Section        0  gd32f3x0_it.o(i.SVC_Handler)
    i.SysTick_Handler                        0x0800077c   Section        0  gd32f3x0_it.o(i.SysTick_Handler)
    i.SystemInit                             0x08000784   Section        0  system_gd32f3x0.o(i.SystemInit)
    i.TIMER5_DAC_IRQHandler                  0x080009cc   Section        0  timer-led.o(i.TIMER5_DAC_IRQHandler)
    i.UINIO_ADC_Config                       0x08000a08   Section        0  adc.o(i.UINIO_ADC_Config)
    i.UINIO_ADC_Value                        0x08000a68   Section        0  adc.o(i.UINIO_ADC_Value)
    i.UINIO_USART_GPIO_Config                0x08000a94   Section        0  usart.o(i.UINIO_USART_GPIO_Config)
    i.UINIO_USART_Send_Data                  0x08000b50   Section        0  usart.o(i.UINIO_USART_Send_Data)
    i.UsageFault_Handler                     0x08000b74   Section        0  gd32f3x0_it.o(i.UsageFault_Handler)
    i.__0printf                              0x08000b78   Section        0  printfa.o(i.__0printf)
    i.__scatterload_copy                     0x08000b98   Section       14  handlers.o(i.__scatterload_copy)
    i.__scatterload_null                     0x08000ba6   Section        2  handlers.o(i.__scatterload_null)
    i.__scatterload_zeroinit                 0x08000ba8   Section       14  handlers.o(i.__scatterload_zeroinit)
    i._fp_digits                             0x08000bb8   Section        0  printfa.o(i._fp_digits)
    _fp_digits                               0x08000bb9   Thumb Code   366  printfa.o(i._fp_digits)
    i._printf_core                           0x08000d3c   Section        0  printfa.o(i._printf_core)
    _printf_core                             0x08000d3d   Thumb Code  1704  printfa.o(i._printf_core)
    i._printf_post_padding                   0x080013f0   Section        0  printfa.o(i._printf_post_padding)
    _printf_post_padding                     0x080013f1   Thumb Code    36  printfa.o(i._printf_post_padding)
    i._printf_pre_padding                    0x08001414   Section        0  printfa.o(i._printf_pre_padding)
    _printf_pre_padding                      0x08001415   Thumb Code    46  printfa.o(i._printf_pre_padding)
    i.adc_calibration_enable                 0x08001444   Section        0  gd32f3x0_adc.o(i.adc_calibration_enable)
    i.adc_channel_length_config              0x08001480   Section        0  gd32f3x0_adc.o(i.adc_channel_length_config)
    i.adc_data_alignment_config              0x080014e0   Section        0  gd32f3x0_adc.o(i.adc_data_alignment_config)
    i.adc_enable                             0x08001504   Section        0  gd32f3x0_adc.o(i.adc_enable)
    i.adc_external_trigger_config            0x08001520   Section        0  gd32f3x0_adc.o(i.adc_external_trigger_config)
    i.adc_external_trigger_source_config     0x08001574   Section        0  gd32f3x0_adc.o(i.adc_external_trigger_source_config)
    i.adc_flag_get                           0x080015b4   Section        0  gd32f3x0_adc.o(i.adc_flag_get)
    i.adc_regular_channel_config             0x080015c8   Section        0  gd32f3x0_adc.o(i.adc_regular_channel_config)
    i.adc_regular_data_read                  0x0800169c   Section        0  gd32f3x0_adc.o(i.adc_regular_data_read)
    i.adc_resolution_config                  0x080016a8   Section        0  gd32f3x0_adc.o(i.adc_resolution_config)
    i.adc_software_trigger_enable            0x080016c4   Section        0  gd32f3x0_adc.o(i.adc_software_trigger_enable)
    i.adc_special_function_config            0x080016f0   Section        0  gd32f3x0_adc.o(i.adc_special_function_config)
    i.delay_1ms                              0x08001770   Section        0  systick_1.o(i.delay_1ms)
    i.delay_decrement                        0x08001784   Section        0  systick_1.o(i.delay_decrement)
    i.exti_interrupt_flag_clear              0x0800179c   Section        0  gd32f3x0_exti.o(i.exti_interrupt_flag_clear)
    i.exti_interrupt_flag_get                0x080017a8   Section        0  gd32f3x0_exti.o(i.exti_interrupt_flag_get)
    i.fputc                                  0x080017cc   Section        0  usart.o(i.fputc)
    i.gpio_af_set                            0x080017dc   Section        0  gd32f3x0_gpio.o(i.gpio_af_set)
    i.gpio_bit_toggle                        0x0800183a   Section        0  gd32f3x0_gpio.o(i.gpio_bit_toggle)
    i.gpio_input_bit_get                     0x0800183e   Section        0  gd32f3x0_gpio.o(i.gpio_input_bit_get)
    i.gpio_mode_set                          0x0800184e   Section        0  gd32f3x0_gpio.o(i.gpio_mode_set)
    i.gpio_output_options_set                0x0800189c   Section        0  gd32f3x0_gpio.o(i.gpio_output_options_set)
    i.main                                   0x08001918   Section        0  main.o(i.main)
    i.nvic_vector_table_set                  0x08001998   Section        0  gd32f3x0_misc.o(i.nvic_vector_table_set)
    i.rcu_adc_clock_config                   0x080019b0   Section        0  gd32f3x0_rcu.o(i.rcu_adc_clock_config)
    i.rcu_clock_freq_get                     0x08001afc   Section        0  gd32f3x0_rcu.o(i.rcu_clock_freq_get)
    i.rcu_periph_clock_enable                0x08001d98   Section        0  gd32f3x0_rcu.o(i.rcu_periph_clock_enable)
    i.rcu_periph_reset_disable               0x08001db8   Section        0  gd32f3x0_rcu.o(i.rcu_periph_reset_disable)
    i.rcu_periph_reset_enable                0x08001dd8   Section        0  gd32f3x0_rcu.o(i.rcu_periph_reset_enable)
    i.system_clock_108m_hxtal                0x08001df8   Section        0  system_gd32f3x0.o(i.system_clock_108m_hxtal)
    system_clock_108m_hxtal                  0x08001df9   Thumb Code   192  system_gd32f3x0.o(i.system_clock_108m_hxtal)
    i.system_clock_config                    0x08001ec8   Section        0  system_gd32f3x0.o(i.system_clock_config)
    system_clock_config                      0x08001ec9   Thumb Code     8  system_gd32f3x0.o(i.system_clock_config)
    i.systick_config                         0x08001ed0   Section        0  systick_1.o(i.systick_config)
    i.timer_interrupt_flag_clear             0x08001f20   Section        0  gd32f3x0_timer.o(i.timer_interrupt_flag_clear)
    i.timer_interrupt_flag_get               0x08001f26   Section        0  gd32f3x0_timer.o(i.timer_interrupt_flag_get)
    i.usart_baudrate_set                     0x08001f40   Section        0  gd32f3x0_usart.o(i.usart_baudrate_set)
    i.usart_data_transmit                    0x08001fbc   Section        0  gd32f3x0_usart.o(i.usart_data_transmit)
    i.usart_deinit                           0x08001fc4   Section        0  gd32f3x0_usart.o(i.usart_deinit)
    i.usart_enable                           0x08002004   Section        0  gd32f3x0_usart.o(i.usart_enable)
    i.usart_flag_get                         0x0800200e   Section        0  gd32f3x0_usart.o(i.usart_flag_get)
    i.usart_parity_config                    0x0800202c   Section        0  gd32f3x0_usart.o(i.usart_parity_config)
    i.usart_receive_config                   0x08002044   Section        0  gd32f3x0_usart.o(i.usart_receive_config)
    i.usart_stop_bit_set                     0x08002054   Section        0  gd32f3x0_usart.o(i.usart_stop_bit_set)
    i.usart_transmit_config                  0x0800206c   Section        0  gd32f3x0_usart.o(i.usart_transmit_config)
    i.usart_word_length_set                  0x0800207c   Section        0  gd32f3x0_usart.o(i.usart_word_length_set)
    .data                                    0x20000000   Section        4  system_gd32f3x0.o(.data)
    .data                                    0x20000004   Section        4  systick_1.o(.data)
    delay                                    0x20000004   Data           4  systick_1.o(.data)
    .data                                    0x20000008   Section        4  stdout.o(.data)
    STACK                                    0x20000010   Section     1024  startup_gd32f3x0.o(STACK)

    Global Symbols

    Symbol Name                              Value     Ov Type        Size  Object(Section)

    BuildAttributes$$THM_ISAv4$E$P$D$K$B$S$7EM$VFPi3$EXTD16$VFPS$VFMA$PE$A:L22UL41UL21$X:L11$S22US41US21$IEEE1$IW$USESV6$~STKCKD$USESV7$~SHL$OSPACE$ROPI$EBA8$MICROLIB$REQ8$PRES8$EABIv2 0x00000000   Number         0  anon$$obj.o ABSOLUTE
    __ARM_use_no_argv                        0x00000000   Number         0  main.o ABSOLUTE
    _printf_a                                0x00000000   Number         0  stubs.o ABSOLUTE
    _printf_c                                0x00000000   Number         0  stubs.o ABSOLUTE
    _printf_charcount                        0x00000000   Number         0  stubs.o ABSOLUTE
    _printf_d                                0x00000000   Number         0  stubs.o ABSOLUTE
    _printf_e                                0x00000000   Number         0  stubs.o ABSOLUTE
    _printf_f                                0x00000000   Number         0  stubs.o ABSOLUTE
    _printf_flags                            0x00000000   Number         0  stubs.o ABSOLUTE
    _printf_fp_dec                           0x00000000   Number         0  stubs.o ABSOLUTE
    _printf_fp_hex                           0x00000000   Number         0  stubs.o ABSOLUTE
    _printf_g                                0x00000000   Number         0  stubs.o ABSOLUTE
    _printf_i                                0x00000000   Number         0  stubs.o ABSOLUTE
    _printf_int_dec                          0x00000000   Number         0  stubs.o ABSOLUTE
    _printf_l                                0x00000000   Number         0  stubs.o ABSOLUTE
    _printf_lc                               0x00000000   Number         0  stubs.o ABSOLUTE
    _printf_ll                               0x00000000   Number         0  stubs.o ABSOLUTE
    _printf_lld                              0x00000000   Number         0  stubs.o ABSOLUTE
    _printf_lli                              0x00000000   Number         0  stubs.o ABSOLUTE
    _printf_llo                              0x00000000   Number         0  stubs.o ABSOLUTE
    _printf_llu                              0x00000000   Number         0  stubs.o ABSOLUTE
    _printf_llx                              0x00000000   Number         0  stubs.o ABSOLUTE
    _printf_longlong_dec                     0x00000000   Number         0  stubs.o ABSOLUTE
    _printf_longlong_hex                     0x00000000   Number         0  stubs.o ABSOLUTE
    _printf_longlong_oct                     0x00000000   Number         0  stubs.o ABSOLUTE
    _printf_ls                               0x00000000   Number         0  stubs.o ABSOLUTE
    _printf_mbtowc                           0x00000000   Number         0  stubs.o ABSOLUTE
    _printf_n                                0x00000000   Number         0  stubs.o ABSOLUTE
    _printf_o                                0x00000000   Number         0  stubs.o ABSOLUTE
    _printf_p                                0x00000000   Number         0  stubs.o ABSOLUTE
    _printf_percent                          0x00000000   Number         0  stubs.o ABSOLUTE
    _printf_pre_padding                      0x00000000   Number         0  stubs.o ABSOLUTE
    _printf_return_value                     0x00000000   Number         0  stubs.o ABSOLUTE
    _printf_s                                0x00000000   Number         0  stubs.o ABSOLUTE
    _printf_sizespec                         0x00000000   Number         0  stubs.o ABSOLUTE
    _printf_str                              0x00000000   Number         0  stubs.o ABSOLUTE
    _printf_truncate_signed                  0x00000000   Number         0  stubs.o ABSOLUTE
    _printf_truncate_unsigned                0x00000000   Number         0  stubs.o ABSOLUTE
    _printf_u                                0x00000000   Number         0  stubs.o ABSOLUTE
    _printf_wc                               0x00000000   Number         0  stubs.o ABSOLUTE
    _printf_wctomb                           0x00000000   Number         0  stubs.o ABSOLUTE
    _printf_widthprec                        0x00000000   Number         0  stubs.o ABSOLUTE
    _printf_x                                0x00000000   Number         0  stubs.o ABSOLUTE
    __arm_fini_                               - Undefined Weak Reference
    __cpp_initialize__aeabi_                  - Undefined Weak Reference
    __cxa_finalize                            - Undefined Weak Reference
    __decompress                              - Undefined Weak Reference
    _clock_init                               - Undefined Weak Reference
    _microlib_exit                            - Undefined Weak Reference
    __Vectors_Size                           0x00000150   Number         0  startup_gd32f3x0.o ABSOLUTE
    __Vectors                                0x08000000   Data           4  startup_gd32f3x0.o(RESET)
    __Vectors_End                            0x08000150   Data           0  startup_gd32f3x0.o(RESET)
    __main                                   0x08000151   Thumb Code     0  entry.o(.ARM.Collect$$$$00000000)
    _main_stk                                0x08000151   Thumb Code     0  entry2.o(.ARM.Collect$$$$00000001)
    _main_scatterload                        0x08000155   Thumb Code     0  entry5.o(.ARM.Collect$$$$00000004)
    __main_after_scatterload                 0x08000159   Thumb Code     0  entry5.o(.ARM.Collect$$$$00000004)
    _main_clock                              0x08000159   Thumb Code     0  entry7b.o(.ARM.Collect$$$$00000008)
    _main_cpp_init                           0x08000159   Thumb Code     0  entry8b.o(.ARM.Collect$$$$0000000A)
    _main_init                               0x08000159   Thumb Code     0  entry9a.o(.ARM.Collect$$$$0000000B)
    __rt_lib_shutdown_fini                   0x08000161   Thumb Code     0  entry12b.o(.ARM.Collect$$$$0000000E)
    __rt_final_cpp                           0x08000165   Thumb Code     0  entry10a.o(.ARM.Collect$$$$0000000F)
    __rt_final_exit                          0x08000165   Thumb Code     0  entry11a.o(.ARM.Collect$$$$00000011)
    Reset_Handler                            0x08000169   Thumb Code     8  startup_gd32f3x0.o(.text)
    ADC_CMP_IRQHandler                       0x08000183   Thumb Code     0  startup_gd32f3x0.o(.text)
    CEC_IRQHandler                           0x08000183   Thumb Code     0  startup_gd32f3x0.o(.text)
    DMA_Channel0_IRQHandler                  0x08000183   Thumb Code     0  startup_gd32f3x0.o(.text)
    DMA_Channel1_2_IRQHandler                0x08000183   Thumb Code     0  startup_gd32f3x0.o(.text)
    DMA_Channel3_4_IRQHandler                0x08000183   Thumb Code     0  startup_gd32f3x0.o(.text)
    DMA_Channel5_6_IRQHandler                0x08000183   Thumb Code     0  startup_gd32f3x0.o(.text)
    EXTI2_3_IRQHandler                       0x08000183   Thumb Code     0  startup_gd32f3x0.o(.text)
    EXTI4_15_IRQHandler                      0x08000183   Thumb Code     0  startup_gd32f3x0.o(.text)
    FMC_IRQHandler                           0x08000183   Thumb Code     0  startup_gd32f3x0.o(.text)
    I2C0_ER_IRQHandler                       0x08000183   Thumb Code     0  startup_gd32f3x0.o(.text)
    I2C0_EV_IRQHandler                       0x08000183   Thumb Code     0  startup_gd32f3x0.o(.text)
    I2C1_ER_IRQHandler                       0x08000183   Thumb Code     0  startup_gd32f3x0.o(.text)
    I2C1_EV_IRQHandler                       0x08000183   Thumb Code     0  startup_gd32f3x0.o(.text)
    LVD_IRQHandler                           0x08000183   Thumb Code     0  startup_gd32f3x0.o(.text)
    RCU_CTC_IRQHandler                       0x08000183   Thumb Code     0  startup_gd32f3x0.o(.text)
    RTC_IRQHandler                           0x08000183   Thumb Code     0  startup_gd32f3x0.o(.text)
    SPI0_IRQHandler                          0x08000183   Thumb Code     0  startup_gd32f3x0.o(.text)
    SPI1_IRQHandler                          0x08000183   Thumb Code     0  startup_gd32f3x0.o(.text)
    TIMER0_BRK_UP_TRG_COM_IRQHandler         0x08000183   Thumb Code     0  startup_gd32f3x0.o(.text)
    TIMER0_Channel_IRQHandler                0x08000183   Thumb Code     0  startup_gd32f3x0.o(.text)
    TIMER13_IRQHandler                       0x08000183   Thumb Code     0  startup_gd32f3x0.o(.text)
    TIMER14_IRQHandler                       0x08000183   Thumb Code     0  startup_gd32f3x0.o(.text)
    TIMER15_IRQHandler                       0x08000183   Thumb Code     0  startup_gd32f3x0.o(.text)
    TIMER16_IRQHandler                       0x08000183   Thumb Code     0  startup_gd32f3x0.o(.text)
    TIMER1_IRQHandler                        0x08000183   Thumb Code     0  startup_gd32f3x0.o(.text)
    TIMER2_IRQHandler                        0x08000183   Thumb Code     0  startup_gd32f3x0.o(.text)
    TSI_IRQHandler                           0x08000183   Thumb Code     0  startup_gd32f3x0.o(.text)
    USART0_IRQHandler                        0x08000183   Thumb Code     0  startup_gd32f3x0.o(.text)
    USART1_IRQHandler                        0x08000183   Thumb Code     0  startup_gd32f3x0.o(.text)
    USBFS_IRQHandler                         0x08000183   Thumb Code     0  startup_gd32f3x0.o(.text)
    USBFS_WKUP_IRQHandler                    0x08000183   Thumb Code     0  startup_gd32f3x0.o(.text)
    WWDGT_IRQHandler                         0x08000183   Thumb Code     0  startup_gd32f3x0.o(.text)
    __aeabi_dmul                             0x0800018d   Thumb Code   228  dmul.o(.text)
    __aeabi_ddiv                             0x08000271   Thumb Code   222  ddiv.o(.text)
    __aeabi_ui2d                             0x0800034f   Thumb Code    26  dfltui.o(.text)
    __aeabi_uidiv                            0x08000369   Thumb Code     0  uidiv.o(.text)
    __aeabi_uidivmod                         0x08000369   Thumb Code    44  uidiv.o(.text)
    __aeabi_uldivmod                         0x08000395   Thumb Code    98  uldiv.o(.text)
    __I$use$fp                               0x080003f7   Thumb Code     0  iusefp.o(.text)
    _double_round                            0x080003f7   Thumb Code    30  depilogue.o(.text)
    _double_epilogue                         0x08000415   Thumb Code   156  depilogue.o(.text)
    __aeabi_dadd                             0x080004b1   Thumb Code   322  dadd.o(.text)
    __aeabi_dsub                             0x080005f3   Thumb Code     6  dadd.o(.text)
    __aeabi_drsub                            0x080005f9   Thumb Code     6  dadd.o(.text)
    __aeabi_d2ulz                            0x080005ff   Thumb Code    48  dfixul.o(.text)
    __aeabi_cdrcmple                         0x08000631   Thumb Code    48  cdrcmple.o(.text)
    __scatterload                            0x08000661   Thumb Code    28  init.o(.text)
    __scatterload_rt2                        0x08000661   Thumb Code     0  init.o(.text)
    __aeabi_llsl                             0x08000685   Thumb Code    30  llshl.o(.text)
    _ll_shift_l                              0x08000685   Thumb Code     0  llshl.o(.text)
    __aeabi_llsr                             0x080006a3   Thumb Code    32  llushr.o(.text)
    _ll_ushift_r                             0x080006a3   Thumb Code     0  llushr.o(.text)
    __aeabi_lasr                             0x080006c3   Thumb Code    36  llsshr.o(.text)
    _ll_sshift_r                             0x080006c3   Thumb Code     0  llsshr.o(.text)
    BusFault_Handler                         0x080006e7   Thumb Code     4  gd32f3x0_it.o(i.BusFault_Handler)
    DebugMon_Handler                         0x080006eb   Thumb Code     2  gd32f3x0_it.o(i.DebugMon_Handler)
    EXTI0_1_IRQHandler                       0x080006ed   Thumb Code    56  exti-key.o(i.EXTI0_1_IRQHandler)
    HardFault_Handler                        0x08000745   Thumb Code     4  gd32f3x0_it.o(i.HardFault_Handler)
    MemManage_Handler                        0x08000749   Thumb Code     4  gd32f3x0_it.o(i.MemManage_Handler)
    NMI_Handler                              0x0800074d   Thumb Code     2  gd32f3x0_it.o(i.NMI_Handler)
    PendSV_Handler                           0x08000779   Thumb Code     2  gd32f3x0_it.o(i.PendSV_Handler)
    SVC_Handler                              0x0800077b   Thumb Code     2  gd32f3x0_it.o(i.SVC_Handler)
    SysTick_Handler                          0x0800077d   Thumb Code     8  gd32f3x0_it.o(i.SysTick_Handler)
    SystemInit                               0x08000785   Thumb Code   534  system_gd32f3x0.o(i.SystemInit)
    TIMER5_DAC_IRQHandler                    0x080009cd   Thumb Code    40  timer-led.o(i.TIMER5_DAC_IRQHandler)
    UINIO_ADC_Config                         0x08000a09   Thumb Code    92  adc.o(i.UINIO_ADC_Config)
    UINIO_ADC_Value                          0x08000a69   Thumb Code    42  adc.o(i.UINIO_ADC_Value)
    UINIO_USART_GPIO_Config                  0x08000a95   Thumb Code   182  usart.o(i.UINIO_USART_GPIO_Config)
    UINIO_USART_Send_Data                    0x08000b51   Thumb Code    30  usart.o(i.UINIO_USART_Send_Data)
    UsageFault_Handler                       0x08000b75   Thumb Code     4  gd32f3x0_it.o(i.UsageFault_Handler)
    __0printf                                0x08000b79   Thumb Code    22  printfa.o(i.__0printf)
    __1printf                                0x08000b79   Thumb Code     0  printfa.o(i.__0printf)
    __2printf                                0x08000b79   Thumb Code     0  printfa.o(i.__0printf)
    __c89printf                              0x08000b79   Thumb Code     0  printfa.o(i.__0printf)
    printf                                   0x08000b79   Thumb Code     0  printfa.o(i.__0printf)
    __scatterload_copy                       0x08000b99   Thumb Code    14  handlers.o(i.__scatterload_copy)
    __scatterload_null                       0x08000ba7   Thumb Code     2  handlers.o(i.__scatterload_null)
    __scatterload_zeroinit                   0x08000ba9   Thumb Code    14  handlers.o(i.__scatterload_zeroinit)
    adc_calibration_enable                   0x08001445   Thumb Code    54  gd32f3x0_adc.o(i.adc_calibration_enable)
    adc_channel_length_config                0x08001481   Thumb Code    92  gd32f3x0_adc.o(i.adc_channel_length_config)
    adc_data_alignment_config                0x080014e1   Thumb Code    30  gd32f3x0_adc.o(i.adc_data_alignment_config)
    adc_enable                               0x08001505   Thumb Code    24  gd32f3x0_adc.o(i.adc_enable)
    adc_external_trigger_config              0x08001521   Thumb Code    78  gd32f3x0_adc.o(i.adc_external_trigger_config)
    adc_external_trigger_source_config       0x08001575   Thumb Code    60  gd32f3x0_adc.o(i.adc_external_trigger_source_config)
    adc_flag_get                             0x080015b5   Thumb Code    16  gd32f3x0_adc.o(i.adc_flag_get)
    adc_regular_channel_config               0x080015c9   Thumb Code   208  gd32f3x0_adc.o(i.adc_regular_channel_config)
    adc_regular_data_read                    0x0800169d   Thumb Code     8  gd32f3x0_adc.o(i.adc_regular_data_read)
    adc_resolution_config                    0x080016a9   Thumb Code    22  gd32f3x0_adc.o(i.adc_resolution_config)
    adc_software_trigger_enable              0x080016c5   Thumb Code    38  gd32f3x0_adc.o(i.adc_software_trigger_enable)
    adc_special_function_config              0x080016f1   Thumb Code   122  gd32f3x0_adc.o(i.adc_special_function_config)
    delay_1ms                                0x08001771   Thumb Code    16  systick_1.o(i.delay_1ms)
    delay_decrement                          0x08001785   Thumb Code    18  systick_1.o(i.delay_decrement)
    exti_interrupt_flag_clear                0x0800179d   Thumb Code     6  gd32f3x0_exti.o(i.exti_interrupt_flag_clear)
    exti_interrupt_flag_get                  0x080017a9   Thumb Code    32  gd32f3x0_exti.o(i.exti_interrupt_flag_get)
    fputc                                    0x080017cd   Thumb Code    16  usart.o(i.fputc)
    gpio_af_set                              0x080017dd   Thumb Code    94  gd32f3x0_gpio.o(i.gpio_af_set)
    gpio_bit_toggle                          0x0800183b   Thumb Code     4  gd32f3x0_gpio.o(i.gpio_bit_toggle)
    gpio_input_bit_get                       0x0800183f   Thumb Code    16  gd32f3x0_gpio.o(i.gpio_input_bit_get)
    gpio_mode_set                            0x0800184f   Thumb Code    78  gd32f3x0_gpio.o(i.gpio_mode_set)
    gpio_output_options_set                  0x0800189d   Thumb Code   124  gd32f3x0_gpio.o(i.gpio_output_options_set)
    main                                     0x08001919   Thumb Code    94  main.o(i.main)
    nvic_vector_table_set                    0x08001999   Thumb Code    16  gd32f3x0_misc.o(i.nvic_vector_table_set)
    rcu_adc_clock_config                     0x080019b1   Thumb Code   322  gd32f3x0_rcu.o(i.rcu_adc_clock_config)
    rcu_clock_freq_get                       0x08001afd   Thumb Code   628  gd32f3x0_rcu.o(i.rcu_clock_freq_get)
    rcu_periph_clock_enable                  0x08001d99   Thumb Code    28  gd32f3x0_rcu.o(i.rcu_periph_clock_enable)
    rcu_periph_reset_disable                 0x08001db9   Thumb Code    28  gd32f3x0_rcu.o(i.rcu_periph_reset_disable)
    rcu_periph_reset_enable                  0x08001dd9   Thumb Code    28  gd32f3x0_rcu.o(i.rcu_periph_reset_enable)
    systick_config                           0x08001ed1   Thumb Code    74  systick_1.o(i.systick_config)
    timer_interrupt_flag_clear               0x08001f21   Thumb Code     6  gd32f3x0_timer.o(i.timer_interrupt_flag_clear)
    timer_interrupt_flag_get                 0x08001f27   Thumb Code    24  gd32f3x0_timer.o(i.timer_interrupt_flag_get)
    usart_baudrate_set                       0x08001f41   Thumb Code   120  gd32f3x0_usart.o(i.usart_baudrate_set)
    usart_data_transmit                      0x08001fbd   Thumb Code     8  gd32f3x0_usart.o(i.usart_data_transmit)
    usart_deinit                             0x08001fc5   Thumb Code    58  gd32f3x0_usart.o(i.usart_deinit)
    usart_enable                             0x08002005   Thumb Code    10  gd32f3x0_usart.o(i.usart_enable)
    usart_flag_get                           0x0800200f   Thumb Code    30  gd32f3x0_usart.o(i.usart_flag_get)
    usart_parity_config                      0x0800202d   Thumb Code    24  gd32f3x0_usart.o(i.usart_parity_config)
    usart_receive_config                     0x08002045   Thumb Code    16  gd32f3x0_usart.o(i.usart_receive_config)
    usart_stop_bit_set                       0x08002055   Thumb Code    24  gd32f3x0_usart.o(i.usart_stop_bit_set)
    usart_transmit_config                    0x0800206d   Thumb Code    16  gd32f3x0_usart.o(i.usart_transmit_config)
    usart_word_length_set                    0x0800207d   Thumb Code    24  gd32f3x0_usart.o(i.usart_word_length_set)
    Region$$Table$$Base                      0x08002094   Number         0  anon$$obj.o(Region$$Table)
    Region$$Table$$Limit                     0x080020b4   Number         0  anon$$obj.o(Region$$Table)
    SystemCoreClock                          0x20000000   Data           4  system_gd32f3x0.o(.data)
    __stdout                                 0x20000008   Data           4  stdout.o(.data)
    __initial_sp                             0x20000410   Data           0  startup_gd32f3x0.o(STACK)



==============================================================================

Memory Map of the image

  Image Entry point : 0x08000151

  Load Region LR_IROM1 (Base: 0x08000000, Size: 0x000020c0, Max: 0x00020000, ABSOLUTE)

    Execution Region ER_IROM1 (Exec base: 0x08000000, Load base: 0x08000000, Size: 0x000020b4, Max: 0x00020000, ABSOLUTE)

    Exec Addr    Load Addr    Size         Type   Attr      Idx    E Section Name        Object

    0x08000000   0x08000000   0x00000150   Data   RO          139    RESET               startup_gd32f3x0.o
    0x08000150   0x08000150   0x00000000   Code   RO         4497  * .ARM.Collect$$$$00000000  mc_w.l(entry.o)
    0x08000150   0x08000150   0x00000004   Code   RO         4767    .ARM.Collect$$$$00000001  mc_w.l(entry2.o)
    0x08000154   0x08000154   0x00000004   Code   RO         4770    .ARM.Collect$$$$00000004  mc_w.l(entry5.o)
    0x08000158   0x08000158   0x00000000   Code   RO         4772    .ARM.Collect$$$$00000008  mc_w.l(entry7b.o)
    0x08000158   0x08000158   0x00000000   Code   RO         4774    .ARM.Collect$$$$0000000A  mc_w.l(entry8b.o)
    0x08000158   0x08000158   0x00000008   Code   RO         4775    .ARM.Collect$$$$0000000B  mc_w.l(entry9a.o)
    0x08000160   0x08000160   0x00000004   Code   RO         4782    .ARM.Collect$$$$0000000E  mc_w.l(entry12b.o)
    0x08000164   0x08000164   0x00000000   Code   RO         4777    .ARM.Collect$$$$0000000F  mc_w.l(entry10a.o)
    0x08000164   0x08000164   0x00000000   Code   RO         4779    .ARM.Collect$$$$00000011  mc_w.l(entry11a.o)
    0x08000164   0x08000164   0x00000004   Code   RO         4768    .ARM.Collect$$$$00002712  mc_w.l(entry2.o)
    0x08000168   0x08000168   0x00000024   Code   RO          140    .text               startup_gd32f3x0.o
    0x0800018c   0x0800018c   0x000000e4   Code   RO         4761    .text               mf_w.l(dmul.o)
    0x08000270   0x08000270   0x000000de   Code   RO         4763    .text               mf_w.l(ddiv.o)
    0x0800034e   0x0800034e   0x0000001a   Code   RO         4765    .text               mf_w.l(dfltui.o)
    0x08000368   0x08000368   0x0000002c   Code   RO         4784    .text               mc_w.l(uidiv.o)
    0x08000394   0x08000394   0x00000062   Code   RO         4786    .text               mc_w.l(uldiv.o)
    0x080003f6   0x080003f6   0x00000000   Code   RO         4788    .text               mc_w.l(iusefp.o)
    0x080003f6   0x080003f6   0x000000ba   Code   RO         4789    .text               mf_w.l(depilogue.o)
    0x080004b0   0x080004b0   0x0000014e   Code   RO         4791    .text               mf_w.l(dadd.o)
    0x080005fe   0x080005fe   0x00000030   Code   RO         4793    .text               mf_w.l(dfixul.o)
    0x0800062e   0x0800062e   0x00000002   PAD
    0x08000630   0x08000630   0x00000030   Code   RO         4795    .text               mf_w.l(cdrcmple.o)
    0x08000660   0x08000660   0x00000024   Code   RO         4797    .text               mc_w.l(init.o)
    0x08000684   0x08000684   0x0000001e   Code   RO         4799    .text               mc_w.l(llshl.o)
    0x080006a2   0x080006a2   0x00000020   Code   RO         4801    .text               mc_w.l(llushr.o)
    0x080006c2   0x080006c2   0x00000024   Code   RO         4803    .text               mc_w.l(llsshr.o)
    0x080006e6   0x080006e6   0x00000004   Code   RO         4345    i.BusFault_Handler  gd32f3x0_it.o
    0x080006ea   0x080006ea   0x00000002   Code   RO         4346    i.DebugMon_Handler  gd32f3x0_it.o
    0x080006ec   0x080006ec   0x00000058   Code   RO          291    i.EXTI0_1_IRQHandler  exti-key.o
    0x08000744   0x08000744   0x00000004   Code   RO         4347    i.HardFault_Handler  gd32f3x0_it.o
    0x08000748   0x08000748   0x00000004   Code   RO         4348    i.MemManage_Handler  gd32f3x0_it.o
    0x0800074c   0x0800074c   0x00000002   Code   RO         4349    i.NMI_Handler       gd32f3x0_it.o
    0x0800074e   0x0800074e   0x00000002   PAD
    0x08000750   0x08000750   0x00000028   Code   RO         4456    i.NVIC_SetPriority  systick_1.o
    0x08000778   0x08000778   0x00000002   Code   RO         4350    i.PendSV_Handler    gd32f3x0_it.o
    0x0800077a   0x0800077a   0x00000002   Code   RO         4351    i.SVC_Handler       gd32f3x0_it.o
    0x0800077c   0x0800077c   0x00000008   Code   RO         4352    i.SysTick_Handler   gd32f3x0_it.o
    0x08000784   0x08000784   0x00000248   Code   RO            4    i.SystemInit        system_gd32f3x0.o
    0x080009cc   0x080009cc   0x0000003c   Code   RO          327    i.TIMER5_DAC_IRQHandler  timer-led.o
    0x08000a08   0x08000a08   0x00000060   Code   RO          407    i.UINIO_ADC_Config  adc.o
    0x08000a68   0x08000a68   0x0000002a   Code   RO          408    i.UINIO_ADC_Value   adc.o
    0x08000a92   0x08000a92   0x00000002   PAD
    0x08000a94   0x08000a94   0x000000bc   Code   RO          246    i.UINIO_USART_GPIO_Config  usart.o
    0x08000b50   0x08000b50   0x00000024   Code   RO          247    i.UINIO_USART_Send_Data  usart.o
    0x08000b74   0x08000b74   0x00000004   Code   RO         4353    i.UsageFault_Handler  gd32f3x0_it.o
    0x08000b78   0x08000b78   0x00000020   Code   RO         4733    i.__0printf         mc_w.l(printfa.o)
    0x08000b98   0x08000b98   0x0000000e   Code   RO         4807    i.__scatterload_copy  mc_w.l(handlers.o)
    0x08000ba6   0x08000ba6   0x00000002   Code   RO         4808    i.__scatterload_null  mc_w.l(handlers.o)
    0x08000ba8   0x08000ba8   0x0000000e   Code   RO         4809    i.__scatterload_zeroinit  mc_w.l(handlers.o)
    0x08000bb6   0x08000bb6   0x00000002   PAD
    0x08000bb8   0x08000bb8   0x00000184   Code   RO         4740    i._fp_digits        mc_w.l(printfa.o)
    0x08000d3c   0x08000d3c   0x000006b4   Code   RO         4741    i._printf_core      mc_w.l(printfa.o)
    0x080013f0   0x080013f0   0x00000024   Code   RO         4742    i._printf_post_padding  mc_w.l(printfa.o)
    0x08001414   0x08001414   0x0000002e   Code   RO         4743    i._printf_pre_padding  mc_w.l(printfa.o)
    0x08001442   0x08001442   0x00000002   PAD
    0x08001444   0x08001444   0x0000003c   Code   RO          440    i.adc_calibration_enable  gd32f3x0_adc.o
    0x08001480   0x08001480   0x00000060   Code   RO          441    i.adc_channel_length_config  gd32f3x0_adc.o
    0x080014e0   0x080014e0   0x00000024   Code   RO          442    i.adc_data_alignment_config  gd32f3x0_adc.o
    0x08001504   0x08001504   0x0000001c   Code   RO          448    i.adc_enable        gd32f3x0_adc.o
    0x08001520   0x08001520   0x00000054   Code   RO          449    i.adc_external_trigger_config  gd32f3x0_adc.o
    0x08001574   0x08001574   0x00000040   Code   RO          450    i.adc_external_trigger_source_config  gd32f3x0_adc.o
    0x080015b4   0x080015b4   0x00000014   Code   RO          452    i.adc_flag_get      gd32f3x0_adc.o
    0x080015c8   0x080015c8   0x000000d4   Code   RO          463    i.adc_regular_channel_config  gd32f3x0_adc.o
    0x0800169c   0x0800169c   0x0000000c   Code   RO          464    i.adc_regular_data_read  gd32f3x0_adc.o
    0x080016a8   0x080016a8   0x0000001c   Code   RO          465    i.adc_resolution_config  gd32f3x0_adc.o
    0x080016c4   0x080016c4   0x0000002c   Code   RO          466    i.adc_software_trigger_enable  gd32f3x0_adc.o
    0x080016f0   0x080016f0   0x00000080   Code   RO          467    i.adc_special_function_config  gd32f3x0_adc.o
    0x08001770   0x08001770   0x00000014   Code   RO         4457    i.delay_1ms         systick_1.o
    0x08001784   0x08001784   0x00000018   Code   RO         4458    i.delay_decrement   systick_1.o
    0x0800179c   0x0800179c   0x0000000c   Code   RO         1526    i.exti_interrupt_flag_clear  gd32f3x0_exti.o
    0x080017a8   0x080017a8   0x00000024   Code   RO         1527    i.exti_interrupt_flag_get  gd32f3x0_exti.o
    0x080017cc   0x080017cc   0x00000010   Code   RO          249    i.fputc             usart.o
    0x080017dc   0x080017dc   0x0000005e   Code   RO         1878    i.gpio_af_set       gd32f3x0_gpio.o
    0x0800183a   0x0800183a   0x00000004   Code   RO         1881    i.gpio_bit_toggle   gd32f3x0_gpio.o
    0x0800183e   0x0800183e   0x00000010   Code   RO         1884    i.gpio_input_bit_get  gd32f3x0_gpio.o
    0x0800184e   0x0800184e   0x0000004e   Code   RO         1886    i.gpio_mode_set     gd32f3x0_gpio.o
    0x0800189c   0x0800189c   0x0000007c   Code   RO         1888    i.gpio_output_options_set  gd32f3x0_gpio.o
    0x08001918   0x08001918   0x00000080   Code   RO         4426    i.main              main.o
    0x08001998   0x08001998   0x00000018   Code   RO         2185    i.nvic_vector_table_set  gd32f3x0_misc.o
    0x080019b0   0x080019b0   0x0000014c   Code   RO         2373    i.rcu_adc_clock_config  gd32f3x0_rcu.o
    0x08001afc   0x08001afc   0x0000029c   Code   RO         2383    i.rcu_clock_freq_get  gd32f3x0_rcu.o
    0x08001d98   0x08001d98   0x00000020   Code   RO         2403    i.rcu_periph_clock_enable  gd32f3x0_rcu.o
    0x08001db8   0x08001db8   0x00000020   Code   RO         2406    i.rcu_periph_reset_disable  gd32f3x0_rcu.o
    0x08001dd8   0x08001dd8   0x00000020   Code   RO         2407    i.rcu_periph_reset_enable  gd32f3x0_rcu.o
    0x08001df8   0x08001df8   0x000000d0   Code   RO            5    i.system_clock_108m_hxtal  system_gd32f3x0.o
    0x08001ec8   0x08001ec8   0x00000008   Code   RO            6    i.system_clock_config  system_gd32f3x0.o
    0x08001ed0   0x08001ed0   0x00000050   Code   RO         4459    i.systick_config    systick_1.o
    0x08001f20   0x08001f20   0x00000006   Code   RO         3234    i.timer_interrupt_flag_clear  gd32f3x0_timer.o
    0x08001f26   0x08001f26   0x00000018   Code   RO         3235    i.timer_interrupt_flag_get  gd32f3x0_timer.o
    0x08001f3e   0x08001f3e   0x00000002   PAD
    0x08001f40   0x08001f40   0x0000007c   Code   RO         3857    i.usart_baudrate_set  gd32f3x0_usart.o
    0x08001fbc   0x08001fbc   0x00000008   Code   RO         3864    i.usart_data_transmit  gd32f3x0_usart.o
    0x08001fc4   0x08001fc4   0x00000040   Code   RO         3865    i.usart_deinit      gd32f3x0_usart.o
    0x08002004   0x08002004   0x0000000a   Code   RO         3872    i.usart_enable      gd32f3x0_usart.o
    0x0800200e   0x0800200e   0x0000001e   Code   RO         3874    i.usart_flag_get    gd32f3x0_usart.o
    0x0800202c   0x0800202c   0x00000018   Code   RO         3897    i.usart_parity_config  gd32f3x0_usart.o
    0x08002044   0x08002044   0x00000010   Code   RO         3899    i.usart_receive_config  gd32f3x0_usart.o
    0x08002054   0x08002054   0x00000018   Code   RO         3918    i.usart_stop_bit_set  gd32f3x0_usart.o
    0x0800206c   0x0800206c   0x00000010   Code   RO         3920    i.usart_transmit_config  gd32f3x0_usart.o
    0x0800207c   0x0800207c   0x00000018   Code   RO         3924    i.usart_word_length_set  gd32f3x0_usart.o
    0x08002094   0x08002094   0x00000020   Data   RO         4805    Region$$Table       anon$$obj.o


    Execution Region RW_IRAM1 (Exec base: 0x20000000, Load base: 0x080020b4, Size: 0x00000410, Max: 0x00004000, ABSOLUTE)

    Exec Addr    Load Addr    Size         Type   Attr      Idx    E Section Name        Object

    0x20000000   0x080020b4   0x00000004   Data   RW            7    .data               system_gd32f3x0.o
    0x20000004   0x080020b8   0x00000004   Data   RW         4460    .data               systick_1.o
    0x20000008   0x080020bc   0x00000004   Data   RW         4783    .data               mc_w.l(stdout.o)
    0x2000000c   0x080020c0   0x00000004   PAD
    0x20000010        -       0x00000400   Zero   RW          137    STACK               startup_gd32f3x0.o


==============================================================================

Image component sizes


      Code (inc. data)   RO Data    RW Data    ZI Data      Debug   Object Name

       138          4          0          0          0       1141   adc.o
        88         32          0          0          0        533   exti-key.o
       812         60          0          0          0       7869   gd32f3x0_adc.o
        48         10          0          0          0       1350   gd32f3x0_exti.o
       316          0          0          0          0       3943   gd32f3x0_gpio.o
        32          0          0          0          0       4174   gd32f3x0_it.o
        24          8          0          0          0        640   gd32f3x0_misc.o
      1096         80          0          0          0       4775   gd32f3x0_rcu.o
        30          0          0          0          0       1404   gd32f3x0_timer.o
       340         10          0          0          0       6684   gd32f3x0_usart.o
       128         34          0          0          0        539   main.o
        36          8        336          0       1024        880   startup_gd32f3x0.o
       800         66          0          4          0      41503   system_gd32f3x0.o
       164         24          0          4          0      27350   systick_1.o
        60         20          0          0          0        528   timer-led.o
       240         12          0          0          0       3498   usart.o

    ----------------------------------------------------------------------
      4358        368        368          8       1024     106811   Object Totals
         0          0         32          0          0          0   (incl. Generated)
         6          0          0          0          0          0   (incl. Padding)

    ----------------------------------------------------------------------

      Code (inc. data)   RO Data    RW Data    ZI Data      Debug   Library Member Name

         0          0          0          0          0          0   entry.o
         0          0          0          0          0          0   entry10a.o
         0          0          0          0          0          0   entry11a.o
         4          0          0          0          0          0   entry12b.o
         8          4          0          0          0          0   entry2.o
         4          0          0          0          0          0   entry5.o
         0          0          0          0          0          0   entry7b.o
         0          0          0          0          0          0   entry8b.o
         8          4          0          0          0          0   entry9a.o
        30          0          0          0          0          0   handlers.o
        36          8          0          0          0         68   init.o
         0          0          0          0          0          0   iusefp.o
        30          0          0          0          0         68   llshl.o
        36          0          0          0          0         68   llsshr.o
        32          0          0          0          0         68   llushr.o
      2218         90          0          0          0        464   printfa.o
         0          0          0          4          0          0   stdout.o
        44          0          0          0          0         80   uidiv.o
        98          0          0          0          0         92   uldiv.o
        48          0          0          0          0         68   cdrcmple.o
       334          0          0          0          0        148   dadd.o
       222          0          0          0          0        100   ddiv.o
       186          0          0          0          0        176   depilogue.o
        48          0          0          0          0         68   dfixul.o
        26          0          0          0          0         76   dfltui.o
       228          0          0          0          0         96   dmul.o

    ----------------------------------------------------------------------
      3646        106          0          4          4       1640   Library Totals
         6          0          0          0          4          0   (incl. Padding)

    ----------------------------------------------------------------------

      Code (inc. data)   RO Data    RW Data    ZI Data      Debug   Library Name

      2548        106          0          4          0        908   mc_w.l
      1092          0          0          0          0        732   mf_w.l

    ----------------------------------------------------------------------
      3646        106          0          4          4       1640   Library Totals

    ----------------------------------------------------------------------

==============================================================================


      Code (inc. data)   RO Data    RW Data    ZI Data      Debug   

      8004        474        368         12       1028     102323   Grand Totals
      8004        474        368         12       1028     102323   ELF Image Totals
      8004        474        368         12          0          0   ROM Totals

==============================================================================

    Total RO  Size (Code + RO Data)                 8372 (   8.18kB)
    Total RW  Size (RW Data + ZI Data)              1040 (   1.02kB)
    Total ROM Size (Code + RO Data + RW Data)       8384 (   8.19kB)

==============================================================================

